Archive member included to satisfy reference by file (symbol)

c:/program files (x86)/atollic/truestudio for stm32 9.3.0/armtools/bin/../lib/gcc/arm-atollic-eabi/6.3.1/../../../../arm-atollic-eabi/lib/armv7e-m/fpu\libc_nano.a(lib_a-exit.o)
                              c:/program files (x86)/atollic/truestudio for stm32 9.3.0/armtools/bin/../lib/gcc/arm-atollic-eabi/6.3.1/../../../../arm-atollic-eabi/lib/armv7e-m/fpu\crt0.o (exit)
c:/program files (x86)/atollic/truestudio for stm32 9.3.0/armtools/bin/../lib/gcc/arm-atollic-eabi/6.3.1/../../../../arm-atollic-eabi/lib/armv7e-m/fpu\libc_nano.a(lib_a-impure.o)
                              c:/program files (x86)/atollic/truestudio for stm32 9.3.0/armtools/bin/../lib/gcc/arm-atollic-eabi/6.3.1/../../../../arm-atollic-eabi/lib/armv7e-m/fpu\libc_nano.a(lib_a-exit.o) (_global_impure_ptr)
c:/program files (x86)/atollic/truestudio for stm32 9.3.0/armtools/bin/../lib/gcc/arm-atollic-eabi/6.3.1/../../../../arm-atollic-eabi/lib/armv7e-m/fpu\libc_nano.a(lib_a-init.o)
                              startup_stm32f40xx.o (__libc_init_array)
c:/program files (x86)/atollic/truestudio for stm32 9.3.0/armtools/bin/../lib/gcc/arm-atollic-eabi/6.3.1/../../../../arm-atollic-eabi/lib/armv7e-m/fpu\libc_nano.a(lib_a-memcpy-stub.o)
                              RTE\CMSIS\arm_convolve_HWC_q15_basic.o (memcpy)
c:/program files (x86)/atollic/truestudio for stm32 9.3.0/armtools/bin/../lib/gcc/arm-atollic-eabi/6.3.1/../../../../arm-atollic-eabi/lib/armv7e-m/fpu\libc_nano.a(lib_a-memmove.o)
                              RTE\CMSIS\arm_pool_q7_HWC.o (memmove)
c:/program files (x86)/atollic/truestudio for stm32 9.3.0/armtools/bin/../lib/gcc/arm-atollic-eabi/6.3.1/../../../../arm-atollic-eabi/lib/armv7e-m/fpu\libc_nano.a(lib_a-memset.o)
                              RTE\CMSIS\arm_convolve_HWC_q15_basic.o (memset)
c:/program files (x86)/atollic/truestudio for stm32 9.3.0/armtools/bin/../lib/gcc/arm-atollic-eabi/6.3.1/../../../../arm-atollic-eabi/lib/armv7e-m/fpu\libc_nano.a(lib_a-sprintf.o)
                              LCDInterfacing.o (sprintf)
c:/program files (x86)/atollic/truestudio for stm32 9.3.0/armtools/bin/../lib/gcc/arm-atollic-eabi/6.3.1/../../../../arm-atollic-eabi/lib/armv7e-m/fpu\libc_nano.a(lib_a-nano-svfprintf.o)
                              c:/program files (x86)/atollic/truestudio for stm32 9.3.0/armtools/bin/../lib/gcc/arm-atollic-eabi/6.3.1/../../../../arm-atollic-eabi/lib/armv7e-m/fpu\libc_nano.a(lib_a-sprintf.o) (_svfprintf_r)
c:/program files (x86)/atollic/truestudio for stm32 9.3.0/armtools/bin/../lib/gcc/arm-atollic-eabi/6.3.1/../../../../arm-atollic-eabi/lib/armv7e-m/fpu\libc_nano.a(lib_a-nano-vfprintf_i.o)
                              c:/program files (x86)/atollic/truestudio for stm32 9.3.0/armtools/bin/../lib/gcc/arm-atollic-eabi/6.3.1/../../../../arm-atollic-eabi/lib/armv7e-m/fpu\libc_nano.a(lib_a-nano-svfprintf.o) (_printf_i)
c:/program files (x86)/atollic/truestudio for stm32 9.3.0/armtools/bin/../lib/gcc/arm-atollic-eabi/6.3.1/../../../../arm-atollic-eabi/lib/armv7e-m/fpu\libc_nano.a(lib_a-memchr.o)
                              c:/program files (x86)/atollic/truestudio for stm32 9.3.0/armtools/bin/../lib/gcc/arm-atollic-eabi/6.3.1/../../../../arm-atollic-eabi/lib/armv7e-m/fpu\libc_nano.a(lib_a-nano-svfprintf.o) (memchr)
c:/program files (x86)/atollic/truestudio for stm32 9.3.0/armtools/bin/../lib/gcc/arm-atollic-eabi/6.3.1/../../../../arm-atollic-eabi/lib/armv7e-m/fpu\libc_nano.a(lib_a-nano-freer.o)
                              c:/program files (x86)/atollic/truestudio for stm32 9.3.0/armtools/bin/../lib/gcc/arm-atollic-eabi/6.3.1/../../../../arm-atollic-eabi/lib/armv7e-m/fpu\libc_nano.a(lib_a-nano-svfprintf.o) (_free_r)
c:/program files (x86)/atollic/truestudio for stm32 9.3.0/armtools/bin/../lib/gcc/arm-atollic-eabi/6.3.1/../../../../arm-atollic-eabi/lib/armv7e-m/fpu\libc_nano.a(lib_a-nano-mallocr.o)
                              c:/program files (x86)/atollic/truestudio for stm32 9.3.0/armtools/bin/../lib/gcc/arm-atollic-eabi/6.3.1/../../../../arm-atollic-eabi/lib/armv7e-m/fpu\libc_nano.a(lib_a-nano-svfprintf.o) (_malloc_r)
c:/program files (x86)/atollic/truestudio for stm32 9.3.0/armtools/bin/../lib/gcc/arm-atollic-eabi/6.3.1/../../../../arm-atollic-eabi/lib/armv7e-m/fpu\libc_nano.a(lib_a-nano-reallocr.o)
                              c:/program files (x86)/atollic/truestudio for stm32 9.3.0/armtools/bin/../lib/gcc/arm-atollic-eabi/6.3.1/../../../../arm-atollic-eabi/lib/armv7e-m/fpu\libc_nano.a(lib_a-nano-svfprintf.o) (_realloc_r)
c:/program files (x86)/atollic/truestudio for stm32 9.3.0/armtools/bin/../lib/gcc/arm-atollic-eabi/6.3.1/../../../../arm-atollic-eabi/lib/armv7e-m/fpu\libc_nano.a(lib_a-sbrkr.o)
[...]
Memory Configuration

Name             Origin             Length             Attributes
FLASH            0x08000000         0x00100000         xr
RAM              0x20000000         0x00020000         xrw
MEMORY_B1        0x60000000         0x00000000         xr
CCMRAM           0x10000000         0x00010000         rw
*default*        0x00000000         0xffffffff

Linker script and memory map

LOAD c:/program files (x86)/atollic/truestudio for stm32 9.3.0/armtools/bin/../lib/gcc/arm-atollic-eabi/6.3.1/armv7e-m/fpu/crti.o
LOAD c:/program files (x86)/atollic/truestudio for stm32 9.3.0/armtools/bin/../lib/gcc/arm-atollic-eabi/6.3.1/armv7e-m/fpu/crtbegin.o
LOAD LCDInterfacing.o
LOAD RTE\CMSIS\arm_convolve_1x1_HWC_q7_fast_nonsquare.o
LOAD RTE\CMSIS\arm_convolve_HWC_q15_basic.o
LOAD RTE\CMSIS\arm_convolve_HWC_q15_fast.o
LOAD RTE\CMSIS\arm_convolve_HWC_q7_RGB.o
LOAD RTE\CMSIS\arm_convolve_HWC_q7_basic.o
LOAD RTE\CMSIS\arm_convolve_HWC_q7_basic_nonsquare.o
LOAD RTE\CMSIS\arm_convolve_HWC_q7_fast.o
LOAD RTE\CMSIS\arm_convolve_HWC_q7_fast_nonsquare.o
LOAD RTE\CMSIS\arm_depthwise_separable_conv_HWC_q7.o
LOAD RTE\CMSIS\arm_depthwise_separable_conv_HWC_q7_nonsquare.o
LOAD RTE\CMSIS\arm_fully_connected_mat_q7_vec_q15.o
LOAD RTE\CMSIS\arm_fully_connected_mat_q7_vec_q15_opt.o
LOAD RTE\CMSIS\arm_fully_connected_q15.o
LOAD RTE\CMSIS\arm_fully_connected_q15_opt.o
LOAD RTE\CMSIS\arm_fully_connected_q7.o
LOAD RTE\CMSIS\arm_fully_connected_q7_opt.o
LOAD RTE\CMSIS\arm_nn_activations_q15.o
LOAD RTE\CMSIS\arm_nn_activations_q7.o
LOAD RTE\CMSIS\arm_nn_mat_mult_kernel_q7_q15.o
LOAD RTE\CMSIS\arm_nn_mat_mult_kernel_q7_q15_reordered.o
LOAD RTE\CMSIS\arm_nn_mult_q15.o
LOAD RTE\CMSIS\arm_nn_mult_q7.o
LOAD RTE\CMSIS\arm_nntables.o
LOAD RTE\CMSIS\arm_pool_q7_HWC.o
LOAD RTE\CMSIS\arm_q7_to_q15_no_shift.o
LOAD RTE\CMSIS\arm_q7_to_q15_reordered_no_shift.o
LOAD RTE\CMSIS\arm_relu_q15.o
LOAD RTE\CMSIS\arm_relu_q7.o
LOAD RTE\CMSIS\arm_softmax_q15.o
LOAD RTE\CMSIS\arm_softmax_q7.o
LOAD main.o
LOAD nn.o
LOAD startup_stm32f40xx.o
LOAD system_stm32f4xx.o
LOAD c:/program files (x86)/atollic/truestudio for stm32 9.3.0/armtools/bin/../lib/gcc/arm-atollic-eabi/6.3.1/../../../../arm-atollic-eabi/lib/armv7e-m/fpu\crt0.o
LOAD C:/Users/Talha/ARM/CMSIS/5.5.1/CMSIS/DSP/Lib/GCC\libarm_cortexM4lf_math.a
                0x00000080                malloc_getpagesize_P = 0x80
START GROUP
LOAD c:/program files (x86)/atollic/truestudio for stm32 9.3.0/armtools/bin/../lib/gcc/arm-atollic-eabi/6.3.1/../../../../arm-atollic-eabi/lib/armv7e-m/fpu\libc_nano.a
LOAD c:/program files (x86)/atollic/truestudio for stm32 9.3.0/armtools/bin/../lib/gcc/arm-atollic-eabi/6.3.1/../../../../arm-atollic-eabi/lib/armv7e-m/fpu\libm.a
END GROUP
START GROUP
LOAD c:/program files (x86)/atollic/truestudio for stm32 9.3.0/armtools/bin/../lib/gcc/arm-atollic-eabi/6.3.1/armv7e-m/fpu\libgcc.a
LOAD c:/program files (x86)/atollic/truestudio for stm32 9.3.0/armtools/bin/../lib/gcc/arm-atollic-eabi/6.3.1/../../../../arm-atollic-eabi/lib/armv7e-m/fpu\libc_nano.a
END GROUP
START GROUP
LOAD c:/program files (x86)/atollic/truestudio for stm32 9.3.0/armtools/bin/../lib/gcc/arm-atollic-eabi/6.3.1/armv7e-m/fpu\libgcc.a
LOAD c:/program files (x86)/atollic/truestudio for stm32 9.3.0/armtools/bin/../lib/gcc/arm-atollic-eabi/6.3.1/../../../../arm-atollic-eabi/lib/armv7e-m/fpu\libc_nano.a
LOAD c:/program files (x86)/atollic/truestudio for stm32 9.3.0/armtools/bin/../lib/gcc/arm-atollic-eabi/6.3.1/../../../../arm-atollic-eabi/lib/armv7e-m/fpu\libnosys.a
END GROUP
START GROUP
LOAD c:/program files (x86)/atollic/truestudio for stm32 9.3.0/armtools/bin/../lib/gcc/arm-atollic-eabi/6.3.1/armv7e-m/fpu\libgcc.a
LOAD c:/program files (x86)/atollic/truestudio for stm32 9.3.0/armtools/bin/../lib/gcc/arm-atollic-eabi/6.3.1/../../../../arm-atollic-eabi/lib/armv7e-m/fpu\libc_nano.a
LOAD c:/program files (x86)/atollic/truestudio for stm32 9.3.0/armtools/bin/../lib/gcc/arm-atollic-eabi/6.3.1/../../../../arm-atollic-eabi/lib/armv7e-m/fpu\libnosys.a
END GROUP
LOAD c:/program files (x86)/atollic/truestudio for stm32 9.3.0/armtools/bin/../lib/gcc/arm-atollic-eabi/6.3.1/armv7e-m/fpu/crtend.o
LOAD c:/program files (x86)/atollic/truestudio for stm32 9.3.0/armtools/bin/../lib/gcc/arm-atollic-eabi/6.3.1/armv7e-m/fpu/crtn.o
                0x20020000                _estack = 0x20020000
                0x00000000                _Min_Heap_Size = 0x0
                0x00000400                _Min_Stack_Size = 0x400

.isr_vector     0x08000000      0x188
                0x08000000                . = ALIGN (0x4)
 *(.isr_vector)
 .isr_vector    0x08000000      0x188 startup_stm32f40xx.o
                0x08000000                g_pfnVectors
                0x08000188                . = ALIGN (0x4)

.text           0x08000190     0x42b4
                0x08000190                . = ALIGN (0x4)
 *(.text)
 .text          0x08000190       0x40 c:/program files (x86)/atollic/truestudio for stm32 9.3.0/armtools/bin/../lib/gcc/arm-atollic-eabi/6.3.1/armv7e-m/fpu/crtbegin.o
 .text          0x080001d0       0xa0 c:/program files (x86)/atollic/truestudio for stm32 9.3.0/armtools/bin/../lib/gcc/arm-atollic-eabi/6.3.1/../../../../arm-atollic-eabi/lib/armv7e-m/fpu\libc_nano.a(lib_a-memchr.o)
                0x080001d0                memchr
 *(.text*)
 .text.delay_us
                0x08000270       0x2c LCDInterfacing.o
                0x08000270                delay_us
 .text.lcdCommand
                0x0800029c       0x5c LCDInterfacing.o
                0x0800029c                lcdCommand
 .text.lcdData  0x080002f8       0x5c LCDInterfacing.o
                0x080002f8                lcdData
 .text.InitialisePortC
                0x08000354       0x30 LCDInterfacing.o
                0x08000354                InitialisePortC
 .text.InitialisePortD
                0x08000384       0x30 LCDInterfacing.o
                0x08000384                InitialisePortD
 .text.lcd_print
                0x080003b4       0x36 LCDInterfacing.o
                0x080003b4                lcd_print
 *fill*         0x080003ea        0x2 
 .text.lcd_init
                0x080003ec       0x64 LCDInterfacing.o
                0x080003ec                lcd_init
 .text.lcd_send_integer
                0x08000450       0x3c LCDInterfacing.o
                0x08000450                lcd_send_integer
 .text.arm_convolve_HWC_q7_basic
                0x0800048c      0x3e2 RTE\CMSIS\arm_convolve_HWC_q7_basic.o
                0x0800048c                arm_convolve_HWC_q7_basic
 .text.arm_convolve_HWC_q7_fast
                0x0800086e      0x9dc RTE\CMSIS\arm_convolve_HWC_q7_fast.o
                0x0800086e                arm_convolve_HWC_q7_fast
 .text.arm_fully_connected_q7_opt
                0x0800124a      0x968 RTE\CMSIS\arm_fully_connected_q7_opt.o
                0x0800124a                arm_fully_connected_q7_opt
 .text.arm_nn_mat_mult_kernel_q7_q15
                0x08001bb2      0xada RTE\CMSIS\arm_nn_mat_mult_kernel_q7_q15.o
                0x08001bb2                arm_nn_mat_mult_kernel_q7_q15
 .text.arm_nn_mat_mult_kernel_q7_q15_reordered
                0x0800268c      0x620 RTE\CMSIS\arm_nn_mat_mult_kernel_q7_q15_reordered.o
                0x0800268c                arm_nn_mat_mult_kernel_q7_q15_reordered
 .text.buffer_scale_back_q15_to_q7
                0x08002cac       0x54 RTE\CMSIS\arm_pool_q7_HWC.o
 .text.compare_and_replace_if_larger_q7
                0x08002d00       0xa4 RTE\CMSIS\arm_pool_q7_HWC.o
 .text.accumulate_q7_to_q15
                0x08002da4      0x138 RTE\CMSIS\arm_pool_q7_HWC.o
 .text.arm_maxpool_q7_HWC
                0x08002edc      0x26e RTE\CMSIS\arm_pool_q7_HWC.o
                0x08002edc                arm_maxpool_q7_HWC
 .text.arm_avepool_q7_HWC
                0x0800314a      0x2d8 RTE\CMSIS\arm_pool_q7_HWC.o
                0x0800314a                arm_avepool_q7_HWC
 .text.arm_q7_to_q15_no_shift
                0x08003422       0xde RTE\CMSIS\arm_q7_to_q15_no_shift.o
                0x08003422                arm_q7_to_q15_no_shift
 .text.arm_q7_to_q15_reordered_no_shift
                0x08003500       0xc4 RTE\CMSIS\arm_q7_to_q15_reordered_no_shift.o
                0x08003500                arm_q7_to_q15_reordered_no_shift
 .text.arm_relu_q7
                0x080035c4       0xc0 RTE\CMSIS\arm_relu_q7.o
                0x080035c4                arm_relu_q7
 .text.arm_softmax_q7
                0x08003684      0x164 RTE\CMSIS\arm_softmax_q7.o
                0x08003684                arm_softmax_q7
 .text.get_top_prediction
                0x080037e8       0x54 main.o
                0x080037e8                get_top_prediction
 .text.main     0x0800383c       0x8c main.o
                0x0800383c                main
 .text.mean_subtract
                0x080038c8       0x60 nn.o
                0x080038c8                mean_subtract
 .text.run_nn   0x08003928      0x194 nn.o
                0x08003928                run_nn
 .text.Reset_Handler
                0x08003abc       0x50 startup_stm32f40xx.o
                0x08003abc                Reset_Handler
 .text.Default_Handler
                0x08003b0c        0x2 startup_stm32f40xx.o
                0x08003b0c                RTC_Alarm_IRQHandler
                0x08003b0c                HASH_RNG_IRQHandler
                0x08003b0c                EXTI2_IRQHandler
                0x08003b0c                TIM8_CC_IRQHandler
                0x08003b0c                DebugMon_Handler
                0x08003b0c                TIM1_CC_IRQHandler
                0x08003b0c                DMA2_Stream5_IRQHandler
                0x08003b0c                HardFault_Handler
                0x08003b0c                DMA1_Stream5_IRQHandler
                0x08003b0c                SysTick_Handler
                0x08003b0c                PVD_IRQHandler
                0x08003b0c                SDIO_IRQHandler
                0x08003b0c                TAMP_STAMP_IRQHandler
                0x08003b0c                PendSV_Handler
                0x08003b0c                NMI_Handler
                0x08003b0c                CAN2_RX1_IRQHandler
                0x08003b0c                EXTI3_IRQHandler
                0x08003b0c                TIM8_TRG_COM_TIM14_IRQHandler
                0x08003b0c                TIM1_UP_TIM10_IRQHandler
                0x08003b0c                TIM8_UP_TIM13_IRQHandler
                0x08003b0c                I2C3_ER_IRQHandler
                0x08003b0c                EXTI0_IRQHandler
                0x08003b0c                I2C2_EV_IRQHandler
                0x08003b0c                DMA1_Stream2_IRQHandler
                0x08003b0c                CAN1_RX0_IRQHandler
                0x08003b0c                FPU_IRQHandler
                0x08003b0c                OTG_HS_WKUP_IRQHandler
                0x08003b0c                UsageFault_Handler
                0x08003b0c                CAN2_SCE_IRQHandler
                0x08003b0c                DMA2_Stream2_IRQHandler
                0x08003b0c                SPI1_IRQHandler
                0x08003b0c                TIM6_DAC_IRQHandler
                0x08003b0c                TIM1_BRK_TIM9_IRQHandler
                0x08003b0c                DCMI_IRQHandler
                0x08003b0c                CAN2_RX0_IRQHandler
                0x08003b0c                DMA2_Stream3_IRQHandler
                0x08003b0c                USART6_IRQHandler
                0x08003b0c                USART3_IRQHandler
                0x08003b0c                CRYP_IRQHandler
                0x08003b0c                CAN1_RX1_IRQHandler
                0x08003b0c                UART5_IRQHandler
                0x08003b0c                DMA2_Stream0_IRQHandler
                0x08003b0c                TIM4_IRQHandler
                0x08003b0c                I2C1_EV_IRQHandler
                0x08003b0c                DMA1_Stream6_IRQHandler
                0x08003b0c                DMA1_Stream1_IRQHandler
                0x08003b0c                UART4_IRQHandler
                0x08003b0c                TIM3_IRQHandler
                0x08003b0c                RCC_IRQHandler
                0x08003b0c                TIM8_BRK_TIM12_IRQHandler
                0x08003b0c                Default_Handler
                0x08003b0c                EXTI15_10_IRQHandler
                0x08003b0c                ADC_IRQHandler
                0x08003b0c                DMA1_Stream7_IRQHandler
                0x08003b0c                TIM7_IRQHandler
                0x08003b0c                CAN2_TX_IRQHandler
                0x08003b0c                TIM5_IRQHandler
                0x08003b0c                DMA2_Stream7_IRQHandler
                0x08003b0c                I2C3_EV_IRQHandler
                0x08003b0c                EXTI9_5_IRQHandler
                0x08003b0c                RTC_WKUP_IRQHandler
                0x08003b0c                ETH_WKUP_IRQHandler
                0x08003b0c                SPI2_IRQHandler
                0x08003b0c                OTG_HS_EP1_IN_IRQHandler
                0x08003b0c                MemManage_Handler
                0x08003b0c                DMA1_Stream0_IRQHandler
                0x08003b0c                CAN1_TX_IRQHandler
                0x08003b0c                SVC_Handler
                0x08003b0c                EXTI4_IRQHandler
                0x08003b0c                FSMC_IRQHandler
                0x08003b0c                ETH_IRQHandler
                0x08003b0c                OTG_HS_EP1_OUT_IRQHandler
                0x08003b0c                WWDG_IRQHandler
                0x08003b0c                TIM2_IRQHandler
                0x08003b0c                OTG_FS_WKUP_IRQHandler
                0x08003b0c                TIM1_TRG_COM_TIM11_IRQHandler
                0x08003b0c                OTG_HS_IRQHandler
                0x08003b0c                EXTI1_IRQHandler
                0x08003b0c                USART2_IRQHandler
                0x08003b0c                I2C2_ER_IRQHandler
                0x08003b0c                DMA2_Stream1_IRQHandler
                0x08003b0c                CAN1_SCE_IRQHandler
                0x08003b0c                FLASH_IRQHandler
                0x08003b0c                DMA2_Stream4_IRQHandler
                0x08003b0c                BusFault_Handler
                0x08003b0c                USART1_IRQHandler
                0x08003b0c                OTG_FS_IRQHandler
                0x08003b0c                SPI3_IRQHandler
                0x08003b0c                DMA1_Stream4_IRQHandler
                0x08003b0c                I2C1_ER_IRQHandler
                0x08003b0c                DMA2_Stream6_IRQHandler
                0x08003b0c                DMA1_Stream3_IRQHandler
 *fill*         0x08003b0e        0x2 
 .text.SystemInit
                0x08003b10       0x6c system_stm32f4xx.o
                0x08003b10                SystemInit
 .text.__libc_init_array
                0x08003b7c       0x48 c:/program files (x86)/atollic/truestudio for stm32 9.3.0/armtools/bin/../lib/gcc/arm-atollic-eabi/6.3.1/../../../../arm-atollic-eabi/lib/armv7e-m/fpu\libc_nano.a(lib_a-init.o)
                0x08003b7c                __libc_init_array
 .text.memcpy   0x08003bc4       0x16 c:/program files (x86)/atollic/truestudio for stm32 9.3.0/armtools/bin/../lib/gcc/arm-atollic-eabi/6.3.1/../../../../arm-atollic-eabi/lib/armv7e-m/fpu\libc_nano.a(lib_a-memcpy-stub.o)
                0x08003bc4                memcpy
 .text.memmove  0x08003bda       0x34 c:/program files (x86)/atollic/truestudio for stm32 9.3.0/armtools/bin/../lib/gcc/arm-atollic-eabi/6.3.1/../../../../arm-atollic-eabi/lib/armv7e-m/fpu\libc_nano.a(lib_a-memmove.o)
                0x08003bda                memmove
 .text.memset   0x08003c0e       0x10 c:/program files (x86)/atollic/truestudio for stm32 9.3.0/armtools/bin/../lib/gcc/arm-atollic-eabi/6.3.1/../../../../arm-atollic-eabi/lib/armv7e-m/fpu\libc_nano.a(lib_a-memset.o)
                0x08003c0e                memset
 *fill*         0x08003c1e        0x2 
 .text.sprintf  0x08003c20       0x48 c:/program files (x86)/atollic/truestudio for stm32 9.3.0/armtools/bin/../lib/gcc/arm-atollic-eabi/6.3.1/../../../../arm-atollic-eabi/lib/armv7e-m/fpu\libc_nano.a(lib_a-sprintf.o)
                0x08003c20                siprintf
                0x08003c20                sprintf
 .text.__ssputs_r
                0x08003c68       0xb6 c:/program files (x86)/atollic/truestudio for stm32 9.3.0/armtools/bin/../lib/gcc/arm-atollic-eabi/6.3.1/../../../../arm-atollic-eabi/lib/armv7e-m/fpu\libc_nano.a(lib_a-nano-svfprintf.o)
                0x08003c68                __ssputs_r
 *fill*         0x08003d1e        0x2 
 .text._svfprintf_r
                0x08003d20      0x1e8 c:/program files (x86)/atollic/truestudio for stm32 9.3.0/armtools/bin/../lib/gcc/arm-atollic-eabi/6.3.1/../../../../arm-atollic-eabi/lib/armv7e-m/fpu\libc_nano.a(lib_a-nano-svfprintf.o)
                0x08003d20                _svfiprintf_r
                0x08003d20                _svfprintf_r
 .text._printf_common
                0x08003f08       0xec c:/program files (x86)/atollic/truestudio for stm32 9.3.0/armtools/bin/../lib/gcc/arm-atollic-eabi/6.3.1/../../../../arm-atollic-eabi/lib/armv7e-m/fpu\libc_nano.a(lib_a-nano-vfprintf_i.o)
                0x08003f08                _printf_common
 .text._printf_i
                0x08003ff4      0x240 c:/program files (x86)/atollic/truestudio for stm32 9.3.0/armtools/bin/../lib/gcc/arm-atollic-eabi/6.3.1/../../../../arm-atollic-eabi/lib/armv7e-m/fpu\libc_nano.a(lib_a-nano-vfprintf_i.o)
                0x08003ff4                _printf_i
 .text._free_r  0x08004234       0x9c c:/program files (x86)/atollic/truestudio for stm32 9.3.0/armtools/bin/../lib/gcc/arm-atollic-eabi/6.3.1/../../../../arm-atollic-eabi/lib/armv7e-m/fpu\libc_nano.a(lib_a-nano-freer.o)
                0x08004234                _free_r
 .text._malloc_r
                0x080042d0       0xbc c:/program files (x86)/atollic/truestudio for stm32 9.3.0/armtools/bin/../lib/gcc/arm-atollic-eabi/6.3.1/../../../../arm-atollic-eabi/lib/armv7e-m/fpu\libc_nano.a(lib_a-nano-mallocr.o)
                0x080042d0                _malloc_r
 .text._realloc_r
                0x0800438c       0x4c c:/program files (x86)/atollic/truestudio for stm32 9.3.0/armtools/bin/../lib/gcc/arm-atollic-eabi/6.3.1/../../../../arm-atollic-eabi/lib/armv7e-m/fpu\libc_nano.a(lib_a-nano-reallocr.o)
                0x0800438c                _realloc_r
 .text._sbrk_r  0x080043d8       0x20 c:/program files (x86)/atollic/truestudio for stm32 9.3.0/armtools/bin/../lib/gcc/arm-atollic-eabi/6.3.1/../../../../arm-atollic-eabi/lib/armv7e-m/fpu\libc_nano.a(lib_a-sbrkr.o)
                0x080043d8                _sbrk_r
 .text.__malloc_lock
                0x080043f8        0x2 c:/program files (x86)/atollic/truestudio for stm32 9.3.0/armtools/bin/../lib/gcc/arm-atollic-eabi/6.3.1/../../../../arm-atollic-eabi/lib/armv7e-m/fpu\libc_nano.a(lib_a-mlock.o)
                0x080043f8                __malloc_lock
 .text.__malloc_unlock
                0x080043fa        0x2 c:/program files (x86)/atollic/truestudio for stm32 9.3.0/armtools/bin/../lib/gcc/arm-atollic-eabi/6.3.1/../../../../arm-atollic-eabi/lib/armv7e-m/fpu\libc_nano.a(lib_a-mlock.o)
                0x080043fa                __malloc_unlock
 .text._malloc_usable_size_r
                0x080043fc       0x12 c:/program files (x86)/atollic/truestudio for stm32 9.3.0/armtools/bin/../lib/gcc/arm-atollic-eabi/6.3.1/../../../../arm-atollic-eabi/lib/armv7e-m/fpu\libc_nano.a(lib_a-nano-msizer.o)
                0x080043fc                _malloc_usable_size_r
 *fill*         0x0800440e        0x2 
 .text._sbrk    0x08004410       0x1c c:/program files (x86)/atollic/truestudio for stm32 9.3.0/armtools/bin/../lib/gcc/arm-atollic-eabi/6.3.1/../../../../arm-atollic-eabi/lib/armv7e-m/fpu\libnosys.a(sbrk.o)
                0x08004410                _sbrk
 *(.glue_7)
 .glue_7        0x0800442c        0x0 linker stubs
 *(.glue_7t)
 .glue_7t       0x0800442c        0x0 linker stubs
 *(.eh_frame)
 .eh_frame      0x0800442c        0x0 c:/program files (x86)/atollic/truestudio for stm32 9.3.0/armtools/bin/../lib/gcc/arm-atollic-eabi/6.3.1/armv7e-m/fpu/crtbegin.o
 *(.init)
 .init          0x0800442c        0x4 c:/program files (x86)/atollic/truestudio for stm32 9.3.0/armtools/bin/../lib/gcc/arm-atollic-eabi/6.3.1/armv7e-m/fpu/crti.o
                0x0800442c                _init
 .init          0x08004430        0x8 c:/program files (x86)/atollic/truestudio for stm32 9.3.0/armtools/bin/../lib/gcc/arm-atollic-eabi/6.3.1/armv7e-m/fpu/crtn.o
 *(.fini)
 .fini          0x08004438        0x4 c:/program files (x86)/atollic/truestudio for stm32 9.3.0/armtools/bin/../lib/gcc/arm-atollic-eabi/6.3.1/armv7e-m/fpu/crti.o
                0x08004438                _fini
 .fini          0x0800443c        0x8 c:/program files (x86)/atollic/truestudio for stm32 9.3.0/armtools/bin/../lib/gcc/arm-atollic-eabi/6.3.1/armv7e-m/fpu/crtn.o
                0x08004444                . = ALIGN (0x4)
                0x08004444                _etext = .

.vfp11_veneer   0x08004444        0x0
 .vfp11_veneer  0x08004444        0x0 linker stubs

.v4_bx          0x08004444        0x0
 .v4_bx         0x08004444        0x0 linker stubs

.iplt           0x08004444        0x0
 .iplt          0x08004444        0x0 c:/program files (x86)/atollic/truestudio for stm32 9.3.0/armtools/bin/../lib/gcc/arm-atollic-eabi/6.3.1/armv7e-m/fpu/crtbegin.o

.rodata         0x08004444       0x64
                0x08004444                . = ALIGN (0x4)
 *(.rodata)
 .rodata        0x08004444       0x13 LCDInterfacing.o
 *fill*         0x08004457        0x1 
 .rodata        0x08004458       0x1a main.o
 *(.rodata*)
 .rodata._svfprintf_r.str1.1
                0x08004472       0x11 c:/program files (x86)/atollic/truestudio for stm32 9.3.0/armtools/bin/../lib/gcc/arm-atollic-eabi/6.3.1/../../../../arm-atollic-eabi/lib/armv7e-m/fpu\libc_nano.a(lib_a-nano-svfprintf.o)
 .rodata._printf_i.str1.1
                0x08004483       0x22 c:/program files (x86)/atollic/truestudio for stm32 9.3.0/armtools/bin/../lib/gcc/arm-atollic-eabi/6.3.1/../../../../arm-atollic-eabi/lib/armv7e-m/fpu\libc_nano.a(lib_a-nano-vfprintf_i.o)
                0x080044a8                . = ALIGN (0x4)
 *fill*         0x080044a5        0x3 

.rel.dyn        0x080044a8        0x0
 .rel.iplt      0x080044a8        0x0 c:/program files (x86)/atollic/truestudio for stm32 9.3.0/armtools/bin/../lib/gcc/arm-atollic-eabi/6.3.1/armv7e-m/fpu/crtbegin.o

.ARM.extab
 *(.ARM.extab* .gnu.linkonce.armextab.*)

.ARM            0x080044a8        0x0
                0x080044a8                __exidx_start = .
 *(.ARM.exidx*)
                0x080044a8                __exidx_end = .

.preinit_array  0x080044a8        0x0
                0x080044a8                PROVIDE (__preinit_array_start, .)
 *(.preinit_array*)
                0x080044a8                PROVIDE (__preinit_array_end, .)

.init_array     0x080044a8        0x4
                0x080044a8                PROVIDE (__init_array_start, .)
 *(SORT(.init_array.*))
 *(.init_array*)
 .init_array    0x080044a8        0x4 c:/program files (x86)/atollic/truestudio for stm32 9.3.0/armtools/bin/../lib/gcc/arm-atollic-eabi/6.3.1/armv7e-m/fpu/crtbegin.o
                0x080044ac                PROVIDE (__init_array_end, .)

.fini_array     0x080044ac        0x4
                [!provide]                PROVIDE (__fini_array_start, .)
 *(SORT(.fini_array.*))
 *(.fini_array*)
 .fini_array    0x080044ac        0x4 c:/program files (x86)/atollic/truestudio for stm32 9.3.0/armtools/bin/../lib/gcc/arm-atollic-eabi/6.3.1/armv7e-m/fpu/crtbegin.o
                [!provide]                PROVIDE (__fini_array_end, .)
                0x080044b0                _sidata = LOADADDR (.data)

.data           0x20000000    0x14c50 load address 0x080044b0
                0x20000000                . = ALIGN (0x4)
                0x20000000                _sdata = .
 *(.data)
 *(.data*)
 .data.image_buffer
                0x20000000      0x310 main.o
                0x20000000                image_buffer
 .data.mean     0x20000310      0x310 nn.o
 .data.conv1_wt
                0x20000620      0x320 nn.o
 .data.conv1_bias
                0x20000940       0x20 nn.o
 .data.conv2_wt
                0x20000960     0x6400 nn.o
 .data.conv3_wt
                0x20006d60     0xc800 nn.o
 .data.ip1_wt   0x20013560     0x1680 nn.o
 .data.ip1_bias
                0x20014be0        0xa nn.o
 *fill*         0x20014bea        0x2 
 .data._impure_ptr
                0x20014bec        0x4 c:/program files (x86)/atollic/truestudio for stm32 9.3.0/armtools/bin/../lib/gcc/arm-atollic-eabi/6.3.1/../../../../arm-atollic-eabi/lib/armv7e-m/fpu\libc_nano.a(lib_a-impure.o)
                0x20014bec                _impure_ptr
 .data.impure_data
                0x20014bf0       0x60 c:/program files (x86)/atollic/truestudio for stm32 9.3.0/armtools/bin/../lib/gcc/arm-atollic-eabi/6.3.1/../../../../arm-atollic-eabi/lib/armv7e-m/fpu\libc_nano.a(lib_a-impure.o)
                0x20014c50                . = ALIGN (0x4)
                0x20014c50                _edata = .
                0x08019100                _siccmram = LOADADDR (.ccmram)

.igot.plt       0x20014c50        0x0 load address 0x08019100
 .igot.plt      0x20014c50        0x0 c:/program files (x86)/atollic/truestudio for stm32 9.3.0/armtools/bin/../lib/gcc/arm-atollic-eabi/6.3.1/armv7e-m/fpu/crtbegin.o

.ccmram         0x10000000        0x0 load address 0x08019100
                0x10000000                . = ALIGN (0x4)
                0x10000000                _sccmram = .
 *(.ccmram)
 *(.ccmram*)
                0x10000000                . = ALIGN (0x4)
                0x10000000                _eccmram = .
                0x10000000                . = ALIGN (0x4)

.bss            0x20014c50     0x9418
                0x20014c50                _sbss = .
                0x20014c50                __bss_start__ = _sbss
 *(.bss)
 .bss           0x20014c50       0x1c c:/program files (x86)/atollic/truestudio for stm32 9.3.0/armtools/bin/../lib/gcc/arm-atollic-eabi/6.3.1/armv7e-m/fpu/crtbegin.o
 *(.bss*)
 .bss.conv2_bias
                0x20014c6c       0x20 nn.o
 .bss.conv3_bias
                0x20014c8c       0x40 nn.o
 .bss.__malloc_free_list
                0x20014ccc        0x4 c:/program files (x86)/atollic/truestudio for stm32 9.3.0/armtools/bin/../lib/gcc/arm-atollic-eabi/6.3.1/../../../../arm-atollic-eabi/lib/armv7e-m/fpu\libc_nano.a(lib_a-nano-mallocr.o)
                0x20014ccc                __malloc_free_list
 .bss.__malloc_sbrk_start
                0x20014cd0        0x4 c:/program files (x86)/atollic/truestudio for stm32 9.3.0/armtools/bin/../lib/gcc/arm-atollic-eabi/6.3.1/../../../../arm-atollic-eabi/lib/armv7e-m/fpu\libc_nano.a(lib_a-nano-mallocr.o)
                0x20014cd0                __malloc_sbrk_start
 .bss.heap_end.5239
                0x20014cd4        0x4 c:/program files (x86)/atollic/truestudio for stm32 9.3.0/armtools/bin/../lib/gcc/arm-atollic-eabi/6.3.1/../../../../arm-atollic-eabi/lib/armv7e-m/fpu\libnosys.a(sbrk.o)
 *(COMMON)
 COMMON         0x20014cd8        0xa main.o
                0x20014cd8                output_data
 *fill*         0x20014ce2        0x2 
 COMMON         0x20014ce4     0x9380 nn.o
                0x20014ce4                col_buffer
                0x200165e4                scratch_buffer
 COMMON         0x2001e064        0x4 c:/program files (x86)/atollic/truestudio for stm32 9.3.0/armtools/bin/../lib/gcc/arm-atollic-eabi/6.3.1/../../../../arm-atollic-eabi/lib/armv7e-m/fpu\libc_nano.a(lib_a-reent.o)
                0x2001e064                errno
                0x2001e068                . = ALIGN (0x4)
                0x2001e068                _ebss = .
                0x2001e068                __bss_end__ = _ebss

._user_heap_stack
                0x2001e068      0x400
                0x2001e068                . = ALIGN (0x4)
                0x2001e068                PROVIDE (end, .)
                [!provide]                PROVIDE (_end, .)
                0x2001e068                . = (. + _Min_Heap_Size)
                0x2001e468                . = (. + _Min_Stack_Size)
 *fill*         0x2001e068      0x400 
                0x2001e468                . = ALIGN (0x4)

.memory_b1_text
 *(.mb1text)
 *(.mb1text*)
 *(.mb1rodata)
 *(.mb1rodata*)

/DISCARD/
 libc.a(*)
 libm.a(*)
 libgcc.a(*)

.ARM.attributes
                0x00000000       0x30
 *(.ARM.attributes)
 .ARM.attributes
                0x00000000       0x22 c:/program files (x86)/atollic/truestudio for stm32 9.3.0/armtools/bin/../lib/gcc/arm-atollic-eabi/6.3.1/armv7e-m/fpu/crti.o
 .ARM.attributes
                0x00000022       0x34 c:/program files (x86)/atollic/truestudio for stm32 9.3.0/armtools/bin/../lib/gcc/arm-atollic-eabi/6.3.1/armv7e-m/fpu/crtbegin.o
 .ARM.attributes
                0x00000056       0x39 LCDInterfacing.o
 .ARM.attributes
                0x0000008f       0x39 RTE\CMSIS\arm_convolve_HWC_q7_basic.o
 .ARM.attributes
                0x000000c8       0x39 RTE\CMSIS\arm_convolve_HWC_q7_fast.o
 .ARM.attributes
                0x00000101       0x39 RTE\CMSIS\arm_fully_connected_q7_opt.o
 .ARM.attributes
                0x0000013a       0x39 RTE\CMSIS\arm_nn_mat_mult_kernel_q7_q15.o
 .ARM.attributes
                0x00000173       0x39 RTE\CMSIS\arm_nn_mat_mult_kernel_q7_q15_reordered.o
 .ARM.attributes
                0x000001ac       0x39 RTE\CMSIS\arm_pool_q7_HWC.o
 .ARM.attributes
                0x000001e5       0x39 RTE\CMSIS\arm_q7_to_q15_no_shift.o
 .ARM.attributes
                0x0000021e       0x39 RTE\CMSIS\arm_q7_to_q15_reordered_no_shift.o
 .ARM.attributes
                0x00000257       0x39 RTE\CMSIS\arm_relu_q7.o
 .ARM.attributes
                0x00000290       0x39 RTE\CMSIS\arm_softmax_q7.o
 .ARM.attributes
                0x000002c9       0x39 main.o
 .ARM.attributes
                0x00000302       0x39 nn.o
 .ARM.attributes
                0x0000033b       0x21 startup_stm32f40xx.o
 .ARM.attributes
                0x0000035c       0x39 system_stm32f4xx.o
 .ARM.attributes
                0x00000395       0x34 c:/program files (x86)/atollic/truestudio for stm32 9.3.0/armtools/bin/../lib/gcc/arm-atollic-eabi/6.3.1/../../../../arm-atollic-eabi/lib/armv7e-m/fpu\libc_nano.a(lib_a-impure.o)
 .ARM.attributes
                0x000003c9       0x34 c:/program files (x86)/atollic/truestudio for stm32 9.3.0/armtools/bin/../lib/gcc/arm-atollic-eabi/6.3.1/../../../../arm-atollic-eabi/lib/armv7e-m/fpu\libc_nano.a(lib_a-init.o)
 .ARM.attributes
                0x000003fd       0x34 c:/program files (x86)/atollic/truestudio for stm32 9.3.0/armtools/bin/../lib/gcc/arm-atollic-eabi/6.3.1/../../../../arm-atollic-eabi/lib/armv7e-m/fpu\libc_nano.a(lib_a-memcpy-stub.o)
 .ARM.attributes
                0x00000431       0x34 c:/program files (x86)/atollic/truestudio for stm32 9.3.0/armtools/bin/../lib/gcc/arm-atollic-eabi/6.3.1/../../../../arm-atollic-eabi/lib/armv7e-m/fpu\libc_nano.a(lib_a-memmove.o)
 .ARM.attributes
                0x00000465       0x34 c:/program files (x86)/atollic/truestudio for stm32 9.3.0/armtools/bin/../lib/gcc/arm-atollic-eabi/6.3.1/../../../../arm-atollic-eabi/lib/armv7e-m/fpu\libc_nano.a(lib_a-memset.o)
 .ARM.attributes
                0x00000499       0x34 c:/program files (x86)/atollic/truestudio for stm32 9.3.0/armtools/bin/../lib/gcc/arm-atollic-eabi/6.3.1/../../../../arm-atollic-eabi/lib/armv7e-m/fpu\libc_nano.a(lib_a-sprintf.o)
 .ARM.attributes
                0x000004cd       0x34 c:/program files (x86)/atollic/truestudio for stm32 9.3.0/armtools/bin/../lib/gcc/arm-atollic-eabi/6.3.1/../../../../arm-atollic-eabi/lib/armv7e-m/fpu\libc_nano.a(lib_a-nano-svfprintf.o)
 .ARM.attributes
                0x00000501       0x34 c:/program files (x86)/atollic/truestudio for stm32 9.3.0/armtools/bin/../lib/gcc/arm-atollic-eabi/6.3.1/../../../../arm-atollic-eabi/lib/armv7e-m/fpu\libc_nano.a(lib_a-nano-vfprintf_i.o)
 .ARM.attributes
                0x00000535       0x20 c:/program files (x86)/atollic/truestudio for stm32 9.3.0/armtools/bin/../lib/gcc/arm-atollic-eabi/6.3.1/../../../../arm-atollic-eabi/lib/armv7e-m/fpu\libc_nano.a(lib_a-memchr.o)
 .ARM.attributes
                0x00000555       0x34 c:/program files (x86)/atollic/truestudio for stm32 9.3.0/armtools/bin/../lib/gcc/arm-atollic-eabi/6.3.1/../../../../arm-atollic-eabi/lib/armv7e-m/fpu\libc_nano.a(lib_a-nano-freer.o)
 .ARM.attributes
                0x00000589       0x34 c:/program files (x86)/atollic/truestudio for stm32 9.3.0/armtools/bin/../lib/gcc/arm-atollic-eabi/6.3.1/../../../../arm-atollic-eabi/lib/armv7e-m/fpu\libc_nano.a(lib_a-nano-mallocr.o)
 .ARM.attributes
                0x000005bd       0x34 c:/program files (x86)/atollic/truestudio for stm32 9.3.0/armtools/bin/../lib/gcc/arm-atollic-eabi/6.3.1/../../../../arm-atollic-eabi/lib/armv7e-m/fpu\libc_nano.a(lib_a-nano-reallocr.o)
 .ARM.attributes
                0x000005f1       0x34 c:/program files (x86)/atollic/truestudio for stm32 9.3.0/armtools/bin/../lib/gcc/arm-atollic-eabi/6.3.1/../../../../arm-atollic-eabi/lib/armv7e-m/fpu\libc_nano.a(lib_a-sbrkr.o)
 .ARM.attributes
                0x00000625       0x34 c:/program files (x86)/atollic/truestudio for stm32 9.3.0/armtools/bin/../lib/gcc/arm-atollic-eabi/6.3.1/../../../../arm-atollic-eabi/lib/armv7e-m/fpu\libc_nano.a(lib_a-mlock.o)
 .ARM.attributes
                0x00000659       0x34 c:/program files (x86)/atollic/truestudio for stm32 9.3.0/armtools/bin/../lib/gcc/arm-atollic-eabi/6.3.1/../../../../arm-atollic-eabi/lib/armv7e-m/fpu\libc_nano.a(lib_a-nano-msizer.o)
 .ARM.attributes
                0x0000068d       0x34 c:/program files (x86)/atollic/truestudio for stm32 9.3.0/armtools/bin/../lib/gcc/arm-atollic-eabi/6.3.1/../../../../arm-atollic-eabi/lib/armv7e-m/fpu\libc_nano.a(lib_a-reent.o)
 .ARM.attributes
                0x000006c1       0x34 c:/program files (x86)/atollic/truestudio for stm32 9.3.0/armtools/bin/../lib/gcc/arm-atollic-eabi/6.3.1/../../../../arm-atollic-eabi/lib/armv7e-m/fpu\libnosys.a(sbrk.o)
 .ARM.attributes
                0x000006f5       0x22 c:/program files (x86)/atollic/truestudio for stm32 9.3.0/armtools/bin/../lib/gcc/arm-atollic-eabi/6.3.1/armv7e-m/fpu/crtn.o
OUTPUT(ccc.elf elf32-littlearm)

.debug_info     0x00000000    0x10ce8
 .debug_info    0x00000000      0xce0 LCDInterfacing.o
 .debug_info    0x00000ce0     0x1579 RTE\CMSIS\arm_convolve_HWC_q7_basic.o
 .debug_info    0x00002259     0x1561 RTE\CMSIS\arm_convolve_HWC_q7_fast.o
 .debug_info    0x000037ba     0x1ab1 RTE\CMSIS\arm_fully_connected_q7_opt.o
 .debug_info    0x0000526b     0x1afc RTE\CMSIS\arm_nn_mat_mult_kernel_q7_q15.o
 .debug_info    0x00006d67     0x17a4 RTE\CMSIS\arm_nn_mat_mult_kernel_q7_q15_reordered.o
 .debug_info    0x0000850b     0x168e RTE\CMSIS\arm_pool_q7_HWC.o
 .debug_info    0x00009b99     0x11ac RTE\CMSIS\arm_q7_to_q15_no_shift.o
 .debug_info    0x0000ad45     0x118e RTE\CMSIS\arm_q7_to_q15_reordered_no_shift.o
 .debug_info    0x0000bed3     0x11ec RTE\CMSIS\arm_relu_q7.o
 .debug_info    0x0000d0bf     0x11cd RTE\CMSIS\arm_softmax_q7.o
 .debug_info    0x0000e28c     0x123d main.o
 .debug_info    0x0000f4c9     0x12c3 nn.o
 .debug_info    0x0001078c       0x5e startup_stm32f40xx.o
 .debug_info    0x000107ea      0x4fe system_stm32f4xx.o

.debug_abbrev   0x00000000     0x203a
 .debug_abbrev  0x00000000      0x207 LCDInterfacing.o
 .debug_abbrev  0x00000207      0x2aa RTE\CMSIS\arm_convolve_HWC_q7_basic.o
 .debug_abbrev  0x000004b1      0x2cc RTE\CMSIS\arm_convolve_HWC_q7_fast.o
 .debug_abbrev  0x0000077d      0x2db RTE\CMSIS\arm_fully_connected_q7_opt.o
 .debug_abbrev  0x00000a58      0x29b RTE\CMSIS\arm_nn_mat_mult_kernel_q7_q15.o
 .debug_abbrev  0x00000cf3      0x28e RTE\CMSIS\arm_nn_mat_mult_kernel_q7_q15_reordered.o
 .debug_abbrev  0x00000f81      0x2be RTE\CMSIS\arm_pool_q7_HWC.o
 .debug_abbrev  0x0000123f      0x245 RTE\CMSIS\arm_q7_to_q15_no_shift.o
 .debug_abbrev  0x00001484      0x245 RTE\CMSIS\arm_q7_to_q15_reordered_no_shift.o
 .debug_abbrev  0x000016c9      0x245 RTE\CMSIS\arm_relu_q7.o
 .debug_abbrev  0x0000190e      0x1de RTE\CMSIS\arm_softmax_q7.o
 .debug_abbrev  0x00001aec      0x230 main.o
 .debug_abbrev  0x00001d1c      0x1fe nn.o
 .debug_abbrev  0x00001f1a       0x12 startup_stm32f40xx.o
 .debug_abbrev  0x00001f2c      0x10e system_stm32f4xx.o

.debug_aranges  0x00000000      0x260
 .debug_aranges
                0x00000000       0x60 LCDInterfacing.o
 .debug_aranges
                0x00000060       0x20 RTE\CMSIS\arm_convolve_HWC_q7_basic.o
 .debug_aranges
                0x00000080       0x20 RTE\CMSIS\arm_convolve_HWC_q7_fast.o
 .debug_aranges
                0x000000a0       0x20 RTE\CMSIS\arm_fully_connected_q7_opt.o
 .debug_aranges
                0x000000c0       0x20 RTE\CMSIS\arm_nn_mat_mult_kernel_q7_q15.o
 .debug_aranges
                0x000000e0       0x20 RTE\CMSIS\arm_nn_mat_mult_kernel_q7_q15_reordered.o
 .debug_aranges
                0x00000100       0x40 RTE\CMSIS\arm_pool_q7_HWC.o
 .debug_aranges
                0x00000140       0x20 RTE\CMSIS\arm_q7_to_q15_no_shift.o
 .debug_aranges
                0x00000160       0x20 RTE\CMSIS\arm_q7_to_q15_reordered_no_shift.o
 .debug_aranges
                0x00000180       0x20 RTE\CMSIS\arm_relu_q7.o
 .debug_aranges
                0x000001a0       0x20 RTE\CMSIS\arm_softmax_q7.o
 .debug_aranges
                0x000001c0       0x28 main.o
 .debug_aranges
                0x000001e8       0x28 nn.o
 .debug_aranges
                0x00000210       0x28 startup_stm32f40xx.o
 .debug_aranges
                0x00000238       0x28 system_stm32f4xx.o

.debug_ranges   0x00000000      0x178
 .debug_ranges  0x00000000       0x50 LCDInterfacing.o
 .debug_ranges  0x00000050       0x10 RTE\CMSIS\arm_convolve_HWC_q7_basic.o
 .debug_ranges  0x00000060       0x10 RTE\CMSIS\arm_convolve_HWC_q7_fast.o
 .debug_ranges  0x00000070       0x10 RTE\CMSIS\arm_fully_connected_q7_opt.o
 .debug_ranges  0x00000080       0x10 RTE\CMSIS\arm_nn_mat_mult_kernel_q7_q15.o
 .debug_ranges  0x00000090       0x10 RTE\CMSIS\arm_nn_mat_mult_kernel_q7_q15_reordered.o
 .debug_ranges  0x000000a0       0x30 RTE\CMSIS\arm_pool_q7_HWC.o
 .debug_ranges  0x000000d0       0x10 RTE\CMSIS\arm_q7_to_q15_no_shift.o
 .debug_ranges  0x000000e0       0x10 RTE\CMSIS\arm_q7_to_q15_reordered_no_shift.o
 .debug_ranges  0x000000f0       0x10 RTE\CMSIS\arm_relu_q7.o
 .debug_ranges  0x00000100       0x10 RTE\CMSIS\arm_softmax_q7.o
 .debug_ranges  0x00000110       0x18 main.o
 .debug_ranges  0x00000128       0x18 nn.o
 .debug_ranges  0x00000140       0x20 startup_stm32f40xx.o
 .debug_ranges  0x00000160       0x18 system_stm32f4xx.o

.debug_line     0x00000000     0x36c7
 .debug_line    0x00000000      0x338 LCDInterfacing.o
 .debug_line    0x00000338      0x43e RTE\CMSIS\arm_convolve_HWC_q7_basic.o
 .debug_line    0x00000776      0x583 RTE\CMSIS\arm_convolve_HWC_q7_fast.o
 .debug_line    0x00000cf9      0x511 RTE\CMSIS\arm_fully_connected_q7_opt.o
 .debug_line    0x0000120a      0x506 RTE\CMSIS\arm_nn_mat_mult_kernel_q7_q15.o
 .debug_line    0x00001710      0x496 RTE\CMSIS\arm_nn_mat_mult_kernel_q7_q15_reordered.o
 .debug_line    0x00001ba6      0x4ff RTE\CMSIS\arm_pool_q7_HWC.o
 .debug_line    0x000020a5      0x33e RTE\CMSIS\arm_q7_to_q15_no_shift.o
 .debug_line    0x000023e3      0x345 RTE\CMSIS\arm_q7_to_q15_reordered_no_shift.o
 .debug_line    0x00002728      0x36c RTE\CMSIS\arm_relu_q7.o
 .debug_line    0x00002a94      0x335 RTE\CMSIS\arm_softmax_q7.o
 .debug_line    0x00002dc9      0x38d main.o
 .debug_line    0x00003156      0x2e7 nn.o
 .debug_line    0x0000343d       0x76 startup_stm32f40xx.o
 .debug_line    0x000034b3      0x214 system_stm32f4xx.o

.debug_str      0x00000000     0x1690
 .debug_str     0x00000000      0x744 LCDInterfacing.o
                                0x7e9 (size before relaxing)
 .debug_str     0x00000744      0x7e4 RTE\CMSIS\arm_convolve_HWC_q7_basic.o
                                0xddf (size before relaxing)
 .debug_str     0x00000f28       0x89 RTE\CMSIS\arm_convolve_HWC_q7_fast.o
                                0xdd7 (size before relaxing)
 .debug_str     0x00000fb1       0xe5 RTE\CMSIS\arm_fully_connected_q7_opt.o
                                0xdaf (size before relaxing)
 .debug_str     0x00001096       0xad RTE\CMSIS\arm_nn_mat_mult_kernel_q7_q15.o
                                0xd1e (size before relaxing)
 .debug_str     0x00001143       0x90 RTE\CMSIS\arm_nn_mat_mult_kernel_q7_q15_reordered.o
                                0xd1f (size before relaxing)
 .debug_str     0x000011d3      0x12c RTE\CMSIS\arm_pool_q7_HWC.o
                                0xd64 (size before relaxing)
 .debug_str     0x000012ff       0x87 RTE\CMSIS\arm_q7_to_q15_no_shift.o
                                0xbff (size before relaxing)
 .debug_str     0x00001386       0x80 RTE\CMSIS\arm_q7_to_q15_reordered_no_shift.o
                                0xc09 (size before relaxing)
 .debug_str     0x00001406       0x64 RTE\CMSIS\arm_relu_q7.o
                                0xc38 (size before relaxing)
 .debug_str     0x0000146a       0x73 RTE\CMSIS\arm_softmax_q7.o
                                0xc5d (size before relaxing)
 .debug_str     0x000014dd       0x5f main.o
                                0xc91 (size before relaxing)
 .debug_str     0x0000153c       0xae nn.o
                                0xc7d (size before relaxing)
 .debug_str     0x000015ea       0xa6 system_stm32f4xx.o
                                0x389 (size before relaxing)

.comment        0x00000000       0x7c
 .comment       0x00000000       0x7c LCDInterfacing.o
                                 0x7d (size before relaxing)
 .comment       0x0000007c       0x7d RTE\CMSIS\arm_convolve_HWC_q7_basic.o
 .comment       0x0000007c       0x7d RTE\CMSIS\arm_convolve_HWC_q7_fast.o
 .comment       0x0000007c       0x7d RTE\CMSIS\arm_fully_connected_q7_opt.o
 .comment       0x0000007c       0x7d RTE\CMSIS\arm_nn_mat_mult_kernel_q7_q15.o
 .comment       0x0000007c       0x7d RTE\CMSIS\arm_nn_mat_mult_kernel_q7_q15_reordered.o
 .comment       0x0000007c       0x7d RTE\CMSIS\arm_pool_q7_HWC.o
 .comment       0x0000007c       0x7d RTE\CMSIS\arm_q7_to_q15_no_shift.o
 .comment       0x0000007c       0x7d RTE\CMSIS\arm_q7_to_q15_reordered_no_shift.o
 .comment       0x0000007c       0x7d RTE\CMSIS\arm_relu_q7.o
 .comment       0x0000007c       0x7d RTE\CMSIS\arm_softmax_q7.o
 .comment       0x0000007c       0x7d main.o
 .comment       0x0000007c       0x7d nn.o
 .comment       0x0000007c       0x7d system_stm32f4xx.o

.debug_frame    0x00000000      0x8c8
 .debug_frame   0x00000000      0x148 LCDInterfacing.o
 .debug_frame   0x00000148       0x38 RTE\CMSIS\arm_convolve_HWC_q7_basic.o
 .debug_frame   0x00000180       0x38 RTE\CMSIS\arm_convolve_HWC_q7_fast.o
 .debug_frame   0x000001b8       0x38 RTE\CMSIS\arm_fully_connected_q7_opt.o
 .debug_frame   0x000001f0       0x3c RTE\CMSIS\arm_nn_mat_mult_kernel_q7_q15.o
 .debug_frame   0x0000022c       0x3c RTE\CMSIS\arm_nn_mat_mult_kernel_q7_q15_reordered.o
 .debug_frame   0x00000268       0xd8 RTE\CMSIS\arm_pool_q7_HWC.o
 .debug_frame   0x00000340       0x38 RTE\CMSIS\arm_q7_to_q15_no_shift.o
 .debug_frame   0x00000378       0x38 RTE\CMSIS\arm_q7_to_q15_reordered_no_shift.o
 .debug_frame   0x000003b0       0x38 RTE\CMSIS\arm_relu_q7.o
 .debug_frame   0x000003e8       0x38 RTE\CMSIS\arm_softmax_q7.o
 .debug_frame   0x00000420       0x5c main.o
 .debug_frame   0x0000047c       0x60 nn.o
 .debug_frame   0x000004dc       0x58 system_stm32f4xx.o
 .debug_frame   0x00000534       0x2c c:/program files (x86)/atollic/truestudio for stm32 9.3.0/armtools/bin/../lib/gcc/arm-atollic-eabi/6.3.1/../../../../arm-atollic-eabi/lib/armv7e-m/fpu\libc_nano.a(lib_a-init.o)
 .debug_frame   0x00000560       0x28 c:/program files (x86)/atollic/truestudio for stm32 9.3.0/armtools/bin/../lib/gcc/arm-atollic-eabi/6.3.1/../../../../arm-atollic-eabi/lib/armv7e-m/fpu\libc_nano.a(lib_a-memcpy-stub.o)
 .debug_frame   0x00000588       0x28 c:/program files (x86)/atollic/truestudio for stm32 9.3.0/armtools/bin/../lib/gcc/arm-atollic-eabi/6.3.1/../../../../arm-atollic-eabi/lib/armv7e-m/fpu\libc_nano.a(lib_a-memmove.o)
 .debug_frame   0x000005b0       0x20 c:/program files (x86)/atollic/truestudio for stm32 9.3.0/armtools/bin/../lib/gcc/arm-atollic-eabi/6.3.1/../../../../arm-atollic-eabi/lib/armv7e-m/fpu\libc_nano.a(lib_a-memset.o)
 .debug_frame   0x000005d0       0x70 c:/program files (x86)/atollic/truestudio for stm32 9.3.0/armtools/bin/../lib/gcc/arm-atollic-eabi/6.3.1/../../../../arm-atollic-eabi/lib/armv7e-m/fpu\libc_nano.a(lib_a-sprintf.o)
 .debug_frame   0x00000640       0x90 c:/program files (x86)/atollic/truestudio for stm32 9.3.0/armtools/bin/../lib/gcc/arm-atollic-eabi/6.3.1/../../../../arm-atollic-eabi/lib/armv7e-m/fpu\libc_nano.a(lib_a-nano-svfprintf.o)
 .debug_frame   0x000006d0       0x60 c:/program files (x86)/atollic/truestudio for stm32 9.3.0/armtools/bin/../lib/gcc/arm-atollic-eabi/6.3.1/../../../../arm-atollic-eabi/lib/armv7e-m/fpu\libc_nano.a(lib_a-nano-vfprintf_i.o)
 .debug_frame   0x00000730       0x38 c:/program files (x86)/atollic/truestudio for stm32 9.3.0/armtools/bin/../lib/gcc/arm-atollic-eabi/6.3.1/../../../../arm-atollic-eabi/lib/armv7e-m/fpu\libc_nano.a(lib_a-nano-freer.o)
 .debug_frame   0x00000768       0x2c c:/program files (x86)/atollic/truestudio for stm32 9.3.0/armtools/bin/../lib/gcc/arm-atollic-eabi/6.3.1/../../../../arm-atollic-eabi/lib/armv7e-m/fpu\libc_nano.a(lib_a-nano-mallocr.o)
 .debug_frame   0x00000794       0x3c c:/program files (x86)/atollic/truestudio for stm32 9.3.0/armtools/bin/../lib/gcc/arm-atollic-eabi/6.3.1/../../../../arm-atollic-eabi/lib/armv7e-m/fpu\libc_nano.a(lib_a-nano-reallocr.o)
 .debug_frame   0x000007d0       0x2c c:/program files (x86)/atollic/truestudio for stm32 9.3.0/armtools/bin/../lib/gcc/arm-atollic-eabi/6.3.1/../../../../arm-atollic-eabi/lib/armv7e-m/fpu\libc_nano.a(lib_a-sbrkr.o)
 .debug_frame   0x000007fc       0x30 c:/program files (x86)/atollic/truestudio for stm32 9.3.0/armtools/bin/../lib/gcc/arm-atollic-eabi/6.3.1/../../../../arm-atollic-eabi/lib/armv7e-m/fpu\libc_nano.a(lib_a-mlock.o)
 .debug_frame   0x0000082c       0x20 c:/program files (x86)/atollic/truestudio for stm32 9.3.0/armtools/bin/../lib/gcc/arm-atollic-eabi/6.3.1/../../../../arm-atollic-eabi/lib/armv7e-m/fpu\libc_nano.a(lib_a-nano-msizer.o)
 .debug_frame   0x0000084c       0x5c c:/program files (x86)/atollic/truestudio for stm32 9.3.0/armtools/bin/../lib/gcc/arm-atollic-eabi/6.3.1/../../../../arm-atollic-eabi/lib/armv7e-m/fpu\libc_nano.a(lib_a-reent.o)
 .debug_frame   0x000008a8       0x20 c:/program files (x86)/atollic/truestudio for stm32 9.3.0/armtools/bin/../lib/gcc/arm-atollic-eabi/6.3.1/../../../../arm-atollic-eabi/lib/armv7e-m/fpu\libnosys.a(sbrk.o)

Cross Reference Table

Symbol                                            File
ADC_IRQHandler                                    startup_stm32f40xx.o
AHBPrescTable                                     system_stm32f4xx.o
APBPrescTable                                     system_stm32f4xx.o
BusFault_Handler                                  startup_stm32f40xx.o
CAN1_RX0_IRQHandler                               startup_stm32f40xx.o
CAN1_RX1_IRQHandler                               startup_stm32f40xx.o
CAN1_SCE_IRQHandler                               startup_stm32f40xx.o
CAN1_TX_IRQHandler                                startup_stm32f40xx.o
CAN2_RX0_IRQHandler                               startup_stm32f40xx.o
CAN2_RX1_IRQHandler                               startup_stm32f40xx.o
CAN2_SCE_IRQHandler                               startup_stm32f40xx.o
CAN2_TX_IRQHandler                                startup_stm32f40xx.o
CRYP_IRQHandler                                   startup_stm32f40xx.o
DCMI_IRQHandler                                   startup_stm32f40xx.o
DMA1_Stream0_IRQHandler                           startup_stm32f40xx.o
DMA1_Stream1_IRQHandler                           startup_stm32f40xx.o
DMA1_Stream2_IRQHandler                           startup_stm32f40xx.o
DMA1_Stream3_IRQHandler                           startup_stm32f40xx.o
DMA1_Stream4_IRQHandler                           startup_stm32f40xx.o
DMA1_Stream5_IRQHandler                           startup_stm32f40xx.o
DMA1_Stream6_IRQHandler                           startup_stm32f40xx.o
DMA1_Stream7_IRQHandler                           startup_stm32f40xx.o
DMA2_Stream0_IRQHandler                           startup_stm32f40xx.o
DMA2_Stream1_IRQHandler                           startup_stm32f40xx.o
DMA2_Stream2_IRQHandler                           startup_stm32f40xx.o
DMA2_Stream3_IRQHandler                           startup_stm32f40xx.o
DMA2_Stream4_IRQHandler                           startup_stm32f40xx.o
DMA2_Stream5_IRQHandler                           startup_stm32f40xx.o
DMA2_Stream6_IRQHandler                           startup_stm32f40xx.o
DMA2_Stream7_IRQHandler                           startup_stm32f40xx.o
DebugMon_Handler                                  startup_stm32f40xx.o
Default_Handler                                   startup_stm32f40xx.o
ETH_IRQHandler                                    startup_stm32f40xx.o
ETH_WKUP_IRQHandler                               startup_stm32f40xx.o
EXTI0_IRQHandler                                  startup_stm32f40xx.o
EXTI15_10_IRQHandler                              startup_stm32f40xx.o
EXTI1_IRQHandler                                  startup_stm32f40xx.o
EXTI2_IRQHandler                                  startup_stm32f40xx.o
EXTI3_IRQHandler                                  startup_stm32f40xx.o
EXTI4_IRQHandler                                  startup_stm32f40xx.o
EXTI9_5_IRQHandler                                startup_stm32f40xx.o
FLASH_IRQHandler                                  startup_stm32f40xx.o
FPU_IRQHandler                                    startup_stm32f40xx.o
FSMC_IRQHandler                                   startup_stm32f40xx.o
HASH_RNG_IRQHandler                               startup_stm32f40xx.o
HardFault_Handler                                 startup_stm32f40xx.o
I2C1_ER_IRQHandler                                startup_stm32f40xx.o
I2C1_EV_IRQHandler                                startup_stm32f40xx.o
I2C2_ER_IRQHandler                                startup_stm32f40xx.o
I2C2_EV_IRQHandler                                startup_stm32f40xx.o
I2C3_ER_IRQHandler                                startup_stm32f40xx.o
I2C3_EV_IRQHandler                                startup_stm32f40xx.o
InitialisePortC                                   LCDInterfacing.o
InitialisePortD                                   LCDInterfacing.o
MemManage_Handler                                 startup_stm32f40xx.o
NMI_Handler                                       startup_stm32f40xx.o
OTG_FS_IRQHandler                                 startup_stm32f40xx.o
OTG_FS_WKUP_IRQHandler                            startup_stm32f40xx.o
OTG_HS_EP1_IN_IRQHandler                          startup_stm32f40xx.o
OTG_HS_EP1_OUT_IRQHandler                         startup_stm32f40xx.o
OTG_HS_IRQHandler                                 startup_stm32f40xx.o
OTG_HS_WKUP_IRQHandler                            startup_stm32f40xx.o
PVD_IRQHandler                                    startup_stm32f40xx.o
PendSV_Handler                                    startup_stm32f40xx.o
RCC_IRQHandler                                    startup_stm32f40xx.o
RTC_Alarm_IRQHandler                              startup_stm32f40xx.o
RTC_WKUP_IRQHandler                               startup_stm32f40xx.o
Reset_Handler                                     startup_stm32f40xx.o
SDIO_IRQHandler                                   startup_stm32f40xx.o
SPI1_IRQHandler                                   startup_stm32f40xx.o
SPI2_IRQHandler                                   startup_stm32f40xx.o
SPI3_IRQHandler                                   startup_stm32f40xx.o
SVC_Handler                                       startup_stm32f40xx.o
SysTick_Handler                                   startup_stm32f40xx.o
SystemCoreClock                                   system_stm32f4xx.o
SystemCoreClockUpdate                             system_stm32f4xx.o
SystemInit                                        system_stm32f4xx.o
                                                  startup_stm32f40xx.o
TAMP_STAMP_IRQHandler                             startup_stm32f40xx.o
TIM1_BRK_TIM9_IRQHandler                          startup_stm32f40xx.o
TIM1_CC_IRQHandler                                startup_stm32f40xx.o
TIM1_TRG_COM_TIM11_IRQHandler                     startup_stm32f40xx.o
TIM1_UP_TIM10_IRQHandler                          startup_stm32f40xx.o
TIM2_IRQHandler                                   startup_stm32f40xx.o
TIM3_IRQHandler                                   startup_stm32f40xx.o
TIM4_IRQHandler                                   startup_stm32f40xx.o
TIM5_IRQHandler                                   startup_stm32f40xx.o
TIM6_DAC_IRQHandler                               startup_stm32f40xx.o
TIM7_IRQHandler                                   startup_stm32f40xx.o
TIM8_BRK_TIM12_IRQHandler                         startup_stm32f40xx.o
TIM8_CC_IRQHandler                                startup_stm32f40xx.o
TIM8_TRG_COM_TIM14_IRQHandler                     startup_stm32f40xx.o
TIM8_UP_TIM13_IRQHandler                          startup_stm32f40xx.o
UART4_IRQHandler                                  startup_stm32f40xx.o
UART5_IRQHandler                                  startup_stm32f40xx.o
USART1_IRQHandler                                 startup_stm32f40xx.o
USART2_IRQHandler                                 startup_stm32f40xx.o
USART3_IRQHandler                                 startup_stm32f40xx.o
USART6_IRQHandler                                 startup_stm32f40xx.o
UsageFault_Handler                                startup_stm32f40xx.o
WWDG_IRQHandler                                   startup_stm32f40xx.o
__aeabi_idiv0                                     c:/program files (x86)/atollic/truestudio for stm32 9.3.0/armtools/bin/../lib/gcc/arm-atollic-eabi/6.3.1/armv7e-m/fpu\libgcc.a(_dvmd_tls.o)
__aeabi_ldiv0                                     c:/program files (x86)/atollic/truestudio for stm32 9.3.0/armtools/bin/../lib/gcc/arm-atollic-eabi/6.3.1/armv7e-m/fpu\libgcc.a(_dvmd_tls.o)
                                                  c:/program files (x86)/atollic/truestudio for stm32 9.3.0/armtools/bin/../lib/gcc/arm-atollic-eabi/6.3.1/armv7e-m/fpu\libgcc.a(_aeabi_ldivmod.o)
__aeabi_ldivmod                                   c:/program files (x86)/atollic/truestudio for stm32 9.3.0/armtools/bin/../lib/gcc/arm-atollic-eabi/6.3.1/armv7e-m/fpu\libgcc.a(_aeabi_ldivmod.o)
                                                  RTE\CMSIS\arm_softmax_q15.o
__bss_end__                                       c:/program files (x86)/atollic/truestudio for stm32 9.3.0/armtools/bin/../lib/gcc/arm-atollic-eabi/6.3.1/../../../../arm-atollic-eabi/lib/armv7e-m/fpu\crt0.o
__bss_start__                                     c:/program files (x86)/atollic/truestudio for stm32 9.3.0/armtools/bin/../lib/gcc/arm-atollic-eabi/6.3.1/../../../../arm-atollic-eabi/lib/armv7e-m/fpu\crt0.o
__call_exitprocs                                  c:/program files (x86)/atollic/truestudio for stm32 9.3.0/armtools/bin/../lib/gcc/arm-atollic-eabi/6.3.1/../../../../arm-atollic-eabi/lib/armv7e-m/fpu\libc_nano.a(lib_a-exit.o)
__deregister_frame_info                           c:/program files (x86)/atollic/truestudio for stm32 9.3.0/armtools/bin/../lib/gcc/arm-atollic-eabi/6.3.1/armv7e-m/fpu/crtbegin.o
__dso_handle                                      c:/program files (x86)/atollic/truestudio for stm32 9.3.0/armtools/bin/../lib/gcc/arm-atollic-eabi/6.3.1/armv7e-m/fpu/crtbegin.o
__init_array_end                                  c:/program files (x86)/atollic/truestudio for stm32 9.3.0/armtools/bin/../lib/gcc/arm-atollic-eabi/6.3.1/../../../../arm-atollic-eabi/lib/armv7e-m/fpu\libc_nano.a(lib_a-init.o)
__init_array_start                                c:/program files (x86)/atollic/truestudio for stm32 9.3.0/armtools/bin/../lib/gcc/arm-atollic-eabi/6.3.1/../../../../arm-atollic-eabi/lib/armv7e-m/fpu\libc_nano.a(lib_a-init.o)
__libc_fini_array                                 c:/program files (x86)/atollic/truestudio for stm32 9.3.0/armtools/bin/../lib/gcc/arm-atollic-eabi/6.3.1/../../../../arm-atollic-eabi/lib/armv7e-m/fpu\crt0.o
__libc_init_array                                 c:/program files (x86)/atollic/truestudio for stm32 9.3.0/armtools/bin/../lib/gcc/arm-atollic-eabi/6.3.1/../../../../arm-atollic-eabi/lib/armv7e-m/fpu\libc_nano.a(lib_a-init.o)
                                                  c:/program files (x86)/atollic/truestudio for stm32 9.3.0/armtools/bin/../lib/gcc/arm-atollic-eabi/6.3.1/../../../../arm-atollic-eabi/lib/armv7e-m/fpu\crt0.o
                                                  startup_stm32f40xx.o
__malloc_free_list                                c:/program files (x86)/atollic/truestudio for stm32 9.3.0/armtools/bin/../lib/gcc/arm-atollic-eabi/6.3.1/../../../../arm-atollic-eabi/lib/armv7e-m/fpu\libc_nano.a(lib_a-nano-mallocr.o)
                                                  c:/program files (x86)/atollic/truestudio for stm32 9.3.0/armtools/bin/../lib/gcc/arm-atollic-eabi/6.3.1/../../../../arm-atollic-eabi/lib/armv7e-m/fpu\libc_nano.a(lib_a-nano-freer.o)
__malloc_lock                                     c:/program files (x86)/atollic/truestudio for stm32 9.3.0/armtools/bin/../lib/gcc/arm-atollic-eabi/6.3.1/../../../../arm-atollic-eabi/lib/armv7e-m/fpu\libc_nano.a(lib_a-mlock.o)
                                                  c:/program files (x86)/atollic/truestudio for stm32 9.3.0/armtools/bin/../lib/gcc/arm-atollic-eabi/6.3.1/../../../../arm-atollic-eabi/lib/armv7e-m/fpu\libc_nano.a(lib_a-nano-mallocr.o)
                                                  c:/program files (x86)/atollic/truestudio for stm32 9.3.0/armtools/bin/../lib/gcc/arm-atollic-eabi/6.3.1/../../../../arm-atollic-eabi/lib/armv7e-m/fpu\libc_nano.a(lib_a-nano-freer.o)
__malloc_sbrk_start                               c:/program files (x86)/atollic/truestudio for stm32 9.3.0/armtools/bin/../lib/gcc/arm-atollic-eabi/6.3.1/../../../../arm-atollic-eabi/lib/armv7e-m/fpu\libc_nano.a(lib_a-nano-mallocr.o)
__malloc_unlock                                   c:/program files (x86)/atollic/truestudio for stm32 9.3.0/armtools/bin/../lib/gcc/arm-atollic-eabi/6.3.1/../../../../arm-atollic-eabi/lib/armv7e-m/fpu\libc_nano.a(lib_a-mlock.o)
                                                  c:/program files (x86)/atollic/truestudio for stm32 9.3.0/armtools/bin/../lib/gcc/arm-atollic-eabi/6.3.1/../../../../arm-atollic-eabi/lib/armv7e-m/fpu\libc_nano.a(lib_a-nano-mallocr.o)
                                                  c:/program files (x86)/atollic/truestudio for stm32 9.3.0/armtools/bin/../lib/gcc/arm-atollic-eabi/6.3.1/../../../../arm-atollic-eabi/lib/armv7e-m/fpu\libc_nano.a(lib_a-nano-freer.o)
__preinit_array_end                               c:/program files (x86)/atollic/truestudio for stm32 9.3.0/armtools/bin/../lib/gcc/arm-atollic-eabi/6.3.1/../../../../arm-atollic-eabi/lib/armv7e-m/fpu\libc_nano.a(lib_a-init.o)
__preinit_array_start                             c:/program files (x86)/atollic/truestudio for stm32 9.3.0/armtools/bin/../lib/gcc/arm-atollic-eabi/6.3.1/../../../../arm-atollic-eabi/lib/armv7e-m/fpu\libc_nano.a(lib_a-init.o)
__register_frame_info                             c:/program files (x86)/atollic/truestudio for stm32 9.3.0/armtools/bin/../lib/gcc/arm-atollic-eabi/6.3.1/armv7e-m/fpu/crtbegin.o
__sf_fake_stderr                                  c:/program files (x86)/atollic/truestudio for stm32 9.3.0/armtools/bin/../lib/gcc/arm-atollic-eabi/6.3.1/../../../../arm-atollic-eabi/lib/armv7e-m/fpu\libc_nano.a(lib_a-impure.o)
__sf_fake_stdin                                   c:/program files (x86)/atollic/truestudio for stm32 9.3.0/armtools/bin/../lib/gcc/arm-atollic-eabi/6.3.1/../../../../arm-atollic-eabi/lib/armv7e-m/fpu\libc_nano.a(lib_a-impure.o)
__sf_fake_stdout                                  c:/program files (x86)/atollic/truestudio for stm32 9.3.0/armtools/bin/../lib/gcc/arm-atollic-eabi/6.3.1/../../../../arm-atollic-eabi/lib/armv7e-m/fpu\libc_nano.a(lib_a-impure.o)
__ssprint_r                                       c:/program files (x86)/atollic/truestudio for stm32 9.3.0/armtools/bin/../lib/gcc/arm-atollic-eabi/6.3.1/../../../../arm-atollic-eabi/lib/armv7e-m/fpu\libc_nano.a(lib_a-nano-svfprintf.o)
__ssputs_r                                        c:/program files (x86)/atollic/truestudio for stm32 9.3.0/armtools/bin/../lib/gcc/arm-atollic-eabi/6.3.1/../../../../arm-atollic-eabi/lib/armv7e-m/fpu\libc_nano.a(lib_a-nano-svfprintf.o)
__stack                                           c:/program files (x86)/atollic/truestudio for stm32 9.3.0/armtools/bin/../lib/gcc/arm-atollic-eabi/6.3.1/../../../../arm-atollic-eabi/lib/armv7e-m/fpu\crt0.o
__udivmoddi4                                      c:/program files (x86)/atollic/truestudio for stm32 9.3.0/armtools/bin/../lib/gcc/arm-atollic-eabi/6.3.1/armv7e-m/fpu\libgcc.a(_udivmoddi4.o)
                                                  c:/program files (x86)/atollic/truestudio for stm32 9.3.0/armtools/bin/../lib/gcc/arm-atollic-eabi/6.3.1/armv7e-m/fpu\libgcc.a(_aeabi_ldivmod.o)
_ebss                                             startup_stm32f40xx.o
_edata                                            startup_stm32f40xx.o
_estack                                           startup_stm32f40xx.o
_exit                                             c:/program files (x86)/atollic/truestudio for stm32 9.3.0/armtools/bin/../lib/gcc/arm-atollic-eabi/6.3.1/../../../../arm-atollic-eabi/lib/armv7e-m/fpu\libnosys.a(_exit.o)
                                                  c:/program files (x86)/atollic/truestudio for stm32 9.3.0/armtools/bin/../lib/gcc/arm-atollic-eabi/6.3.1/../../../../arm-atollic-eabi/lib/armv7e-m/fpu\libc_nano.a(lib_a-exit.o)
_fini                                             c:/program files (x86)/atollic/truestudio for stm32 9.3.0/armtools/bin/../lib/gcc/arm-atollic-eabi/6.3.1/armv7e-m/fpu/crti.o
_free_r                                           c:/program files (x86)/atollic/truestudio for stm32 9.3.0/armtools/bin/../lib/gcc/arm-atollic-eabi/6.3.1/../../../../arm-atollic-eabi/lib/armv7e-m/fpu\libc_nano.a(lib_a-nano-freer.o)
                                                  c:/program files (x86)/atollic/truestudio for stm32 9.3.0/armtools/bin/../lib/gcc/arm-atollic-eabi/6.3.1/../../../../arm-atollic-eabi/lib/armv7e-m/fpu\libc_nano.a(lib_a-reent.o)
                                                  c:/program files (x86)/atollic/truestudio for stm32 9.3.0/armtools/bin/../lib/gcc/arm-atollic-eabi/6.3.1/../../../../arm-atollic-eabi/lib/armv7e-m/fpu\libc_nano.a(lib_a-nano-reallocr.o)
                                                  c:/program files (x86)/atollic/truestudio for stm32 9.3.0/armtools/bin/../lib/gcc/arm-atollic-eabi/6.3.1/../../../../arm-atollic-eabi/lib/armv7e-m/fpu\libc_nano.a(lib_a-nano-svfprintf.o)
_global_impure_ptr                                c:/program files (x86)/atollic/truestudio for stm32 9.3.0/armtools/bin/../lib/gcc/arm-atollic-eabi/6.3.1/../../../../arm-atollic-eabi/lib/armv7e-m/fpu\libc_nano.a(lib_a-impure.o)
                                                  c:/program files (x86)/atollic/truestudio for stm32 9.3.0/armtools/bin/../lib/gcc/arm-atollic-eabi/6.3.1/../../../../arm-atollic-eabi/lib/armv7e-m/fpu\libc_nano.a(lib_a-exit.o)
_impure_ptr                                       c:/program files (x86)/atollic/truestudio for stm32 9.3.0/armtools/bin/../lib/gcc/arm-atollic-eabi/6.3.1/../../../../arm-atollic-eabi/lib/armv7e-m/fpu\libc_nano.a(lib_a-impure.o)
                                                  c:/program files (x86)/atollic/truestudio for stm32 9.3.0/armtools/bin/../lib/gcc/arm-atollic-eabi/6.3.1/../../../../arm-atollic-eabi/lib/armv7e-m/fpu\libc_nano.a(lib_a-reent.o)
                                                  c:/program files (x86)/atollic/truestudio for stm32 9.3.0/armtools/bin/../lib/gcc/arm-atollic-eabi/6.3.1/../../../../arm-atollic-eabi/lib/armv7e-m/fpu\libc_nano.a(lib_a-sprintf.o)
_init                                             c:/program files (x86)/atollic/truestudio for stm32 9.3.0/armtools/bin/../lib/gcc/arm-atollic-eabi/6.3.1/armv7e-m/fpu/crti.o
                                                  c:/program files (x86)/atollic/truestudio for stm32 9.3.0/armtools/bin/../lib/gcc/arm-atollic-eabi/6.3.1/../../../../arm-atollic-eabi/lib/armv7e-m/fpu\libc_nano.a(lib_a-init.o)
_mainCRTStartup                                   c:/program files (x86)/atollic/truestudio for stm32 9.3.0/armtools/bin/../lib/gcc/arm-atollic-eabi/6.3.1/../../../../arm-atollic-eabi/lib/armv7e-m/fpu\crt0.o
_malloc_r                                         c:/program files (x86)/atollic/truestudio for stm32 9.3.0/armtools/bin/../lib/gcc/arm-atollic-eabi/6.3.1/../../../../arm-atollic-eabi/lib/armv7e-m/fpu\libc_nano.a(lib_a-nano-mallocr.o)
                                                  c:/program files (x86)/atollic/truestudio for stm32 9.3.0/armtools/bin/../lib/gcc/arm-atollic-eabi/6.3.1/../../../../arm-atollic-eabi/lib/armv7e-m/fpu\libc_nano.a(lib_a-nano-reallocr.o)
                                                  c:/program files (x86)/atollic/truestudio for stm32 9.3.0/armtools/bin/../lib/gcc/arm-atollic-eabi/6.3.1/../../../../arm-atollic-eabi/lib/armv7e-m/fpu\libc_nano.a(lib_a-nano-svfprintf.o)
_malloc_usable_size_r                             c:/program files (x86)/atollic/truestudio for stm32 9.3.0/armtools/bin/../lib/gcc/arm-atollic-eabi/6.3.1/../../../../arm-atollic-eabi/lib/armv7e-m/fpu\libc_nano.a(lib_a-nano-msizer.o)
                                                  c:/program files (x86)/atollic/truestudio for stm32 9.3.0/armtools/bin/../lib/gcc/arm-atollic-eabi/6.3.1/../../../../arm-atollic-eabi/lib/armv7e-m/fpu\libc_nano.a(lib_a-nano-reallocr.o)
_printf_common                                    c:/program files (x86)/atollic/truestudio for stm32 9.3.0/armtools/bin/../lib/gcc/arm-atollic-eabi/6.3.1/../../../../arm-atollic-eabi/lib/armv7e-m/fpu\libc_nano.a(lib_a-nano-vfprintf_i.o)
_printf_float                                     c:/program files (x86)/atollic/truestudio for stm32 9.3.0/armtools/bin/../lib/gcc/arm-atollic-eabi/6.3.1/../../../../arm-atollic-eabi/lib/armv7e-m/fpu\libc_nano.a(lib_a-nano-svfprintf.o)
_printf_i                                         c:/program files (x86)/atollic/truestudio for stm32 9.3.0/armtools/bin/../lib/gcc/arm-atollic-eabi/6.3.1/../../../../arm-atollic-eabi/lib/armv7e-m/fpu\libc_nano.a(lib_a-nano-vfprintf_i.o)
                                                  c:/program files (x86)/atollic/truestudio for stm32 9.3.0/armtools/bin/../lib/gcc/arm-atollic-eabi/6.3.1/../../../../arm-atollic-eabi/lib/armv7e-m/fpu\libc_nano.a(lib_a-nano-svfprintf.o)
_realloc_r                                        c:/program files (x86)/atollic/truestudio for stm32 9.3.0/armtools/bin/../lib/gcc/arm-atollic-eabi/6.3.1/../../../../arm-atollic-eabi/lib/armv7e-m/fpu\libc_nano.a(lib_a-nano-reallocr.o)
                                                  c:/program files (x86)/atollic/truestudio for stm32 9.3.0/armtools/bin/../lib/gcc/arm-atollic-eabi/6.3.1/../../../../arm-atollic-eabi/lib/armv7e-m/fpu\libc_nano.a(lib_a-nano-svfprintf.o)
_reclaim_reent                                    c:/program files (x86)/atollic/truestudio for stm32 9.3.0/armtools/bin/../lib/gcc/arm-atollic-eabi/6.3.1/../../../../arm-atollic-eabi/lib/armv7e-m/fpu\libc_nano.a(lib_a-reent.o)
_sbrk                                             c:/program files (x86)/atollic/truestudio for stm32 9.3.0/armtools/bin/../lib/gcc/arm-atollic-eabi/6.3.1/../../../../arm-atollic-eabi/lib/armv7e-m/fpu\libnosys.a(sbrk.o)
                                                  c:/program files (x86)/atollic/truestudio for stm32 9.3.0/armtools/bin/../lib/gcc/arm-atollic-eabi/6.3.1/../../../../arm-atollic-eabi/lib/armv7e-m/fpu\libc_nano.a(lib_a-sbrkr.o)
_sbrk_r                                           c:/program files (x86)/atollic/truestudio for stm32 9.3.0/armtools/bin/../lib/gcc/arm-atollic-eabi/6.3.1/../../../../arm-atollic-eabi/lib/armv7e-m/fpu\libc_nano.a(lib_a-sbrkr.o)
                                                  c:/program files (x86)/atollic/truestudio for stm32 9.3.0/armtools/bin/../lib/gcc/arm-atollic-eabi/6.3.1/../../../../arm-atollic-eabi/lib/armv7e-m/fpu\libc_nano.a(lib_a-nano-mallocr.o)
_sbss                                             startup_stm32f40xx.o
_sdata                                            startup_stm32f40xx.o
_sidata                                           startup_stm32f40xx.o
_siprintf_r                                       c:/program files (x86)/atollic/truestudio for stm32 9.3.0/armtools/bin/../lib/gcc/arm-atollic-eabi/6.3.1/../../../../arm-atollic-eabi/lib/armv7e-m/fpu\libc_nano.a(lib_a-sprintf.o)
_sprintf_r                                        c:/program files (x86)/atollic/truestudio for stm32 9.3.0/armtools/bin/../lib/gcc/arm-atollic-eabi/6.3.1/../../../../arm-atollic-eabi/lib/armv7e-m/fpu\libc_nano.a(lib_a-sprintf.o)
_start                                            c:/program files (x86)/atollic/truestudio for stm32 9.3.0/armtools/bin/../lib/gcc/arm-atollic-eabi/6.3.1/../../../../arm-atollic-eabi/lib/armv7e-m/fpu\crt0.o
_svfiprintf_r                                     c:/program files (x86)/atollic/truestudio for stm32 9.3.0/armtools/bin/../lib/gcc/arm-atollic-eabi/6.3.1/../../../../arm-atollic-eabi/lib/armv7e-m/fpu\libc_nano.a(lib_a-nano-svfprintf.o)
_svfprintf_r                                      c:/program files (x86)/atollic/truestudio for stm32 9.3.0/armtools/bin/../lib/gcc/arm-atollic-eabi/6.3.1/../../../../arm-atollic-eabi/lib/armv7e-m/fpu\libc_nano.a(lib_a-nano-svfprintf.o)
                                                  c:/program files (x86)/atollic/truestudio for stm32 9.3.0/armtools/bin/../lib/gcc/arm-atollic-eabi/6.3.1/../../../../arm-atollic-eabi/lib/armv7e-m/fpu\libc_nano.a(lib_a-sprintf.o)
arm_avepool_q7_HWC                                RTE\CMSIS\arm_pool_q7_HWC.o
                                                  nn.o
arm_convolve_1x1_HWC_q7_fast_nonsquare            RTE\CMSIS\arm_convolve_1x1_HWC_q7_fast_nonsquare.o
arm_convolve_HWC_q15_basic                        RTE\CMSIS\arm_convolve_HWC_q15_basic.o
arm_convolve_HWC_q15_fast                         RTE\CMSIS\arm_convolve_HWC_q15_fast.o
arm_convolve_HWC_q7_RGB                           RTE\CMSIS\arm_convolve_HWC_q7_RGB.o
arm_convolve_HWC_q7_basic                         RTE\CMSIS\arm_convolve_HWC_q7_basic.o
                                                  nn.o
arm_convolve_HWC_q7_basic_nonsquare               RTE\CMSIS\arm_convolve_HWC_q7_basic_nonsquare.o
arm_convolve_HWC_q7_fast                          RTE\CMSIS\arm_convolve_HWC_q7_fast.o
                                                  nn.o
arm_convolve_HWC_q7_fast_nonsquare                RTE\CMSIS\arm_convolve_HWC_q7_fast_nonsquare.o
arm_depthwise_separable_conv_HWC_q7               RTE\CMSIS\arm_depthwise_separable_conv_HWC_q7.o
arm_depthwise_separable_conv_HWC_q7_nonsquare     RTE\CMSIS\arm_depthwise_separable_conv_HWC_q7_nonsquare.o
arm_fully_connected_mat_q7_vec_q15                RTE\CMSIS\arm_fully_connected_mat_q7_vec_q15.o
arm_fully_connected_mat_q7_vec_q15_opt            RTE\CMSIS\arm_fully_connected_mat_q7_vec_q15_opt.o
arm_fully_connected_q15                           RTE\CMSIS\arm_fully_connected_q15.o
arm_fully_connected_q15_opt                       RTE\CMSIS\arm_fully_connected_q15_opt.o
arm_fully_connected_q7                            RTE\CMSIS\arm_fully_connected_q7.o
arm_fully_connected_q7_opt                        RTE\CMSIS\arm_fully_connected_q7_opt.o
                                                  nn.o
arm_maxpool_q7_HWC                                RTE\CMSIS\arm_pool_q7_HWC.o
                                                  nn.o
arm_nn_activations_direct_q15                     RTE\CMSIS\arm_nn_activations_q15.o
arm_nn_activations_direct_q7                      RTE\CMSIS\arm_nn_activations_q7.o
arm_nn_mat_mult_kernel_q7_q15                     RTE\CMSIS\arm_nn_mat_mult_kernel_q7_q15.o
                                                  RTE\CMSIS\arm_convolve_HWC_q7_basic_nonsquare.o
                                                  RTE\CMSIS\arm_convolve_HWC_q7_basic.o
                                                  RTE\CMSIS\arm_convolve_HWC_q7_RGB.o
arm_nn_mat_mult_kernel_q7_q15_reordered           RTE\CMSIS\arm_nn_mat_mult_kernel_q7_q15_reordered.o
                                                  RTE\CMSIS\arm_convolve_HWC_q7_fast_nonsquare.o
                                                  RTE\CMSIS\arm_convolve_HWC_q7_fast.o
                                                  RTE\CMSIS\arm_convolve_1x1_HWC_q7_fast_nonsquare.o
arm_nn_mult_q15                                   RTE\CMSIS\arm_nn_mult_q15.o
arm_nn_mult_q7                                    RTE\CMSIS\arm_nn_mult_q7.o
arm_q7_to_q15_no_shift                            RTE\CMSIS\arm_q7_to_q15_no_shift.o
                                                  RTE\CMSIS\arm_pool_q7_HWC.o
                                                  RTE\CMSIS\arm_convolve_HWC_q7_basic_nonsquare.o
                                                  RTE\CMSIS\arm_convolve_HWC_q7_basic.o
arm_q7_to_q15_reordered_no_shift                  RTE\CMSIS\arm_q7_to_q15_reordered_no_shift.o
                                                  RTE\CMSIS\arm_fully_connected_q7_opt.o
                                                  RTE\CMSIS\arm_fully_connected_q7.o
                                                  RTE\CMSIS\arm_convolve_HWC_q7_fast_nonsquare.o
                                                  RTE\CMSIS\arm_convolve_HWC_q7_fast.o
                                                  RTE\CMSIS\arm_convolve_1x1_HWC_q7_fast_nonsquare.o
arm_relu_q15                                      RTE\CMSIS\arm_relu_q15.o
arm_relu_q7                                       RTE\CMSIS\arm_relu_q7.o
                                                  nn.o
arm_softmax_q15                                   RTE\CMSIS\arm_softmax_q15.o
arm_softmax_q7                                    RTE\CMSIS\arm_softmax_q7.o
                                                  main.o
atexit                                            c:/program files (x86)/atollic/truestudio for stm32 9.3.0/armtools/bin/../lib/gcc/arm-atollic-eabi/6.3.1/../../../../arm-atollic-eabi/lib/armv7e-m/fpu\crt0.o
cleanup_glue                                      c:/program files (x86)/atollic/truestudio for stm32 9.3.0/armtools/bin/../lib/gcc/arm-atollic-eabi/6.3.1/../../../../arm-atollic-eabi/lib/armv7e-m/fpu\libc_nano.a(lib_a-reent.o)
col_buffer                                        nn.o
delay_us                                          LCDInterfacing.o
end                                               c:/program files (x86)/atollic/truestudio for stm32 9.3.0/armtools/bin/../lib/gcc/arm-atollic-eabi/6.3.1/../../../../arm-atollic-eabi/lib/armv7e-m/fpu\libnosys.a(sbrk.o)
errno                                             c:/program files (x86)/atollic/truestudio for stm32 9.3.0/armtools/bin/../lib/gcc/arm-atollic-eabi/6.3.1/../../../../arm-atollic-eabi/lib/armv7e-m/fpu\libc_nano.a(lib_a-reent.o)
                                                  c:/program files (x86)/atollic/truestudio for stm32 9.3.0/armtools/bin/../lib/gcc/arm-atollic-eabi/6.3.1/../../../../arm-atollic-eabi/lib/armv7e-m/fpu\libc_nano.a(lib_a-sbrkr.o)
exit                                              c:/program files (x86)/atollic/truestudio for stm32 9.3.0/armtools/bin/../lib/gcc/arm-atollic-eabi/6.3.1/../../../../arm-atollic-eabi/lib/armv7e-m/fpu\libc_nano.a(lib_a-exit.o)
                                                  c:/program files (x86)/atollic/truestudio for stm32 9.3.0/armtools/bin/../lib/gcc/arm-atollic-eabi/6.3.1/../../../../arm-atollic-eabi/lib/armv7e-m/fpu\crt0.o
g_pfnVectors                                      startup_stm32f40xx.o
get_top_prediction                                main.o
hardware_init_hook                                c:/program files (x86)/atollic/truestudio for stm32 9.3.0/armtools/bin/../lib/gcc/arm-atollic-eabi/6.3.1/../../../../arm-atollic-eabi/lib/armv7e-m/fpu\crt0.o
image_buffer                                      main.o
lcdCommand                                        LCDInterfacing.o
                                                  main.o
lcdData                                           LCDInterfacing.o
lcd_gotoxy                                        LCDInterfacing.o
lcd_init                                          LCDInterfacing.o
                                                  main.o
lcd_print                                         LCDInterfacing.o
                                                  main.o
lcd_send_integer                                  LCDInterfacing.o
                                                  main.o
main                                              main.o
                                                  c:/program files (x86)/atollic/truestudio for stm32 9.3.0/armtools/bin/../lib/gcc/arm-atollic-eabi/6.3.1/../../../../arm-atollic-eabi/lib/armv7e-m/fpu\crt0.o
                                                  startup_stm32f40xx.o
mean_subtract                                     nn.o
memchr                                            c:/program files (x86)/atollic/truestudio for stm32 9.3.0/armtools/bin/../lib/gcc/arm-atollic-eabi/6.3.1/../../../../arm-atollic-eabi/lib/armv7e-m/fpu\libc_nano.a(lib_a-memchr.o)
                                                  c:/program files (x86)/atollic/truestudio for stm32 9.3.0/armtools/bin/../lib/gcc/arm-atollic-eabi/6.3.1/../../../../arm-atollic-eabi/lib/armv7e-m/fpu\libc_nano.a(lib_a-nano-vfprintf_i.o)
                                                  c:/program files (x86)/atollic/truestudio for stm32 9.3.0/armtools/bin/../lib/gcc/arm-atollic-eabi/6.3.1/../../../../arm-atollic-eabi/lib/armv7e-m/fpu\libc_nano.a(lib_a-nano-svfprintf.o)
memcpy                                            c:/program files (x86)/atollic/truestudio for stm32 9.3.0/armtools/bin/../lib/gcc/arm-atollic-eabi/6.3.1/../../../../arm-atollic-eabi/lib/armv7e-m/fpu\libc_nano.a(lib_a-memcpy-stub.o)
                                                  c:/program files (x86)/atollic/truestudio for stm32 9.3.0/armtools/bin/../lib/gcc/arm-atollic-eabi/6.3.1/../../../../arm-atollic-eabi/lib/armv7e-m/fpu\libc_nano.a(lib_a-nano-reallocr.o)
                                                  c:/program files (x86)/atollic/truestudio for stm32 9.3.0/armtools/bin/../lib/gcc/arm-atollic-eabi/6.3.1/../../../../arm-atollic-eabi/lib/armv7e-m/fpu\libc_nano.a(lib_a-nano-svfprintf.o)
                                                  RTE\CMSIS\arm_depthwise_separable_conv_HWC_q7_nonsquare.o
                                                  RTE\CMSIS\arm_depthwise_separable_conv_HWC_q7.o
                                                  RTE\CMSIS\arm_convolve_HWC_q15_fast.o
                                                  RTE\CMSIS\arm_convolve_HWC_q15_basic.o
memmove                                           c:/program files (x86)/atollic/truestudio for stm32 9.3.0/armtools/bin/../lib/gcc/arm-atollic-eabi/6.3.1/../../../../arm-atollic-eabi/lib/armv7e-m/fpu\libc_nano.a(lib_a-memmove.o)
                                                  c:/program files (x86)/atollic/truestudio for stm32 9.3.0/armtools/bin/../lib/gcc/arm-atollic-eabi/6.3.1/../../../../arm-atollic-eabi/lib/armv7e-m/fpu\libc_nano.a(lib_a-nano-svfprintf.o)
                                                  RTE\CMSIS\arm_pool_q7_HWC.o
memset                                            c:/program files (x86)/atollic/truestudio for stm32 9.3.0/armtools/bin/../lib/gcc/arm-atollic-eabi/6.3.1/../../../../arm-atollic-eabi/lib/armv7e-m/fpu\libc_nano.a(lib_a-memset.o)
                                                  c:/program files (x86)/atollic/truestudio for stm32 9.3.0/armtools/bin/../lib/gcc/arm-atollic-eabi/6.3.1/../../../../arm-atollic-eabi/lib/armv7e-m/fpu\crt0.o
                                                  RTE\CMSIS\arm_depthwise_separable_conv_HWC_q7_nonsquare.o
                                                  RTE\CMSIS\arm_depthwise_separable_conv_HWC_q7.o
                                                  RTE\CMSIS\arm_convolve_HWC_q7_fast_nonsquare.o
                                                  RTE\CMSIS\arm_convolve_HWC_q7_fast.o
                                                  RTE\CMSIS\arm_convolve_HWC_q7_basic_nonsquare.o
                                                  RTE\CMSIS\arm_convolve_HWC_q7_basic.o
                                                  RTE\CMSIS\arm_convolve_HWC_q15_fast.o
                                                  RTE\CMSIS\arm_convolve_HWC_q15_basic.o
output_data                                       main.o
run_nn                                            nn.o
                                                  main.o
scratch_buffer                                    nn.o
sigmoidHTable_q15                                 RTE\CMSIS\arm_nntables.o
sigmoidLTable_q15                                 RTE\CMSIS\arm_nntables.o
sigmoidTable_q15                                  RTE\CMSIS\arm_nntables.o
                                                  RTE\CMSIS\arm_nn_activations_q15.o
sigmoidTable_q7                                   RTE\CMSIS\arm_nntables.o
                                                  RTE\CMSIS\arm_nn_activations_q7.o
siprintf                                          c:/program files (x86)/atollic/truestudio for stm32 9.3.0/armtools/bin/../lib/gcc/arm-atollic-eabi/6.3.1/../../../../arm-atollic-eabi/lib/armv7e-m/fpu\libc_nano.a(lib_a-sprintf.o)
software_init_hook                                c:/program files (x86)/atollic/truestudio for stm32 9.3.0/armtools/bin/../lib/gcc/arm-atollic-eabi/6.3.1/../../../../arm-atollic-eabi/lib/armv7e-m/fpu\crt0.o
sprintf                                           c:/program files (x86)/atollic/truestudio for stm32 9.3.0/armtools/bin/../lib/gcc/arm-atollic-eabi/6.3.1/../../../../arm-atollic-eabi/lib/armv7e-m/fpu\libc_nano.a(lib_a-sprintf.o)
                                                  LCDInterfacing.o
tanhHTable_q15                                    RTE\CMSIS\arm_nntables.o
tanhLTable_q15                                    RTE\CMSIS\arm_nntables.o
tanhTable_q15                                     RTE\CMSIS\arm_nntables.o
                                                  RTE\CMSIS\arm_nn_activations_q15.o
tanhTable_q7                                      RTE\CMSIS\arm_nntables.o
                                                  RTE\CMSIS\arm_nn_activations_q7.o
